[www.aber.ac.uk/en/index.html]
[backblue.gif]
[fade.gif]
[index.html]
[www.aber.ac.uk/img/apple-touch-icon.png]
[www.aber.ac.uk/css2/hp-v9.css]
[www.aber.ac.uk/css2/app-v1.css]
[consent.cookiebot.com/uc.js]
[www.aber.ac.uk/en/rbi/research/aber-research/equipment/OPD.ttl]
[www.aber.ac.uk/img/logo/au-logo.png]
[www.aber.ac.uk/img/logo/150-logo.png]
[www.aber.ac.uk/en/about-us/150-anniversary/index.html]
[www.aber.ac.uk/en/study-with-us/index730d.html]
[www.aber.ac.uk/en/study-with-us/subjects/index730d.html]
[www.aber.ac.uk/en/study-with-us/ug-studies/index730d.html]
[www.aber.ac.uk/en/news/archive/2022/11/title-259684-en.html]
[www.aber.ac.uk/en/study-with-us/open-days/index730d.html]
[www.aber.ac.uk/en/study-with-us/ug-studies/hub/index730d.html]
[www.aber.ac.uk/en/study-with-us/fees/index730d.html]
[www.aber.ac.uk/en/study-with-us/pg-studies/index730d.html]
[www.aber.ac.uk/en/study-with-us/prospectus/index730d.html]
[www.aber.ac.uk/en/news/archive/2022/11/title-259683-en.html]
[www.aber.ac.uk/en/study-with-us/accommodation/index730d.html]
[www.aber.ac.uk/en/study-with-us/global-opportunities/index730d.html]
[www.aber.ac.uk/en/study-with-us/online-distance/index730d.html]
[www.aber.ac.uk/en/study-with-us/continuing-professional/index730d.html]
[www.aber.ac.uk/en/news/archive/2022/11/title-259622-en.html]
[www.aber.ac.uk/en/study-with-us/mba/index730d.html]
[www.aber.ac.uk/en/lifelong-learning/index730d.html]
[www.aber.ac.uk/en/student/index730d.html]
[www.aber.ac.uk/en/news/archive/2022/11/title-259605-en.html]
[www.aber.ac.uk/en/study-with-us/international/index730d.html]
[traffic-drivers.unibuddy.co/chat-bubble/embed.js]
[www.aber.ac.uk/en/study-with-us/international/how-to-apply/index730d.html]
[www.aber.ac.uk/img/footer/aber-map.png]
[www.aber.ac.uk/en/study-with-us/international/countries/index730d.html]
[www.aber.ac.uk/en/news/archive/2019/09/title-225842-en.html]
[www.aber.ac.uk/en/study-with-us/international/fees-scholarships/index730d.html]
[www.aber.ac.uk/img/footer/gug-20-en.png]
[www.aber.ac.uk/en/study-with-us/international/english-requirements/index730d.html]
[www.aber.ac.uk/img/footer/gug-19-en.png]
[www.aber.ac.uk/img/footer/qaa.png]
[www.aber.ac.uk/en/expertise/index730d.html]
[www.aber.ac.uk/img/footer/cyber.png]
[www.aber.ac.uk/en/rbi/business/index730d.html]
[www.aber.ac.uk/en/news/index730d.html]
[www.aber.ac.uk/img/footer/access-en.png]
[www.aber.ac.uk/en/news/archive/index730d.html]
[www.aber.ac.uk/img/footer/disability-en.png]
[www.aber.ac.uk/en/development/index730d.html]
[www.aber.ac.uk/css2/fonts.css]
[www.aber.ac.uk/en/development/alumni/index730d.html]
[www.aber.ac.uk/en/development/support/index730d.html]
[www.aber.ac.uk/en/development/osa/index730d.html]
[www.aber.ac.uk/en/discover-aberystwyth/index730d.html]
[www.aber.ac.uk/en/visitors/index730d.html]
[www.aber.ac.uk/en/discover-aberystwyth/life-on-campus/index730d.html]
[www.aber.ac.uk/js2/libs/jquery/3.5.1/jquery-3.5.1.min.js]
[www.aber.ac.uk/en/music/index730d.html]
[www.aber.ac.uk/en/sportscentre/index730d.html]
[www.aber.ac.uk/en/about-us/index730d.html]
[www.aber.ac.uk/en/about-us/departments-faculties/index730d.html]
[www.aber.ac.uk/js2/plugins.v4.min.js]
[www.aber.ac.uk/en/ccc/index730d.html]
[www.aber.ac.uk/en/staff/index730d.html]
[www.aber.ac.uk/en/contact-us/index730d.html]
[www.aber.ac.uk/js2/main.v4.min.js]
[www.aber.ac.uk/en/index.html]
[connect.facebook.net/en_US/fbevents.js]
[www.aber.ac.uk/en/search/index.html]
[www.aber.ac.uk/en/study-with-us/subjects/index.html]
[www.aber.ac.uk/en/study-with-us/open-days/index.html]
[www.aber.ac.uk/en/study-with-us/pg-studies/study-options/teacher-training/index.html]
[www.aber.ac.uk/img/arrows/arrow-down-small-black.png]
[www.aber.ac.uk/en/study-with-us/pg-studies/index.html]
[www.aber.ac.uk/en/about-us/research/index.html]
[www.aber.ac.uk/img/arrows/arrow-down-small-black@2x.png]
[www.aber.ac.uk/en/study-with-us/index.html]
[www.aber.ac.uk/img/icons/tick-black.png]
[www.aber.ac.uk/en/study-with-us/prospectus/index.html]
[www.aber.ac.uk/en/study-with-us/chat-students/index.html]
[www.aber.ac.uk/img/icons/tick-black@2x.png]
[www.aber.ac.uk/en/study-with-us/international/index.html]
[www.aber.ac.uk/img/bullets/bullet-diamond.png]
[www.aber.ac.uk/en/about-us/150-anniversary/150-events/index.html]
[www.aber.ac.uk/en/study-with-us/foundation-year/index.html]
[www.aber.ac.uk/img/bullets/bullet-diamond@2x.png]
[www.aber.ac.uk/en/study-with-us/pg-studies/study-options/taught-programmes/index.html]
[www.aber.ac.uk/img/icons/slider-controls/sl-navy-arrow-sprite.png]
[www.aber.ac.uk/en/study-with-us/pg-studies/study-options/research-programmes/index.html]
[www.aber.ac.uk/en/study-with-us/mba/index.html]
[www.aber.ac.uk/img/icons/slider-controls/sl-navy-arrow-sprite@2x.png]
[www.aber.ac.uk/en/study-with-us/online-distance/index.html]
[www.aber.ac.uk/img/icons/slider-controls/sl-grey-arrow-sprite.png]
[www.aber.ac.uk/en/study-with-us/continuing-professional/index.html]
[www.aber.ac.uk/img/icons/slider-controls/sl-grey-arrow-sprite@2x.png]
[www.aber.ac.uk/en/study-with-us/lifelong-learning/index.html]
[www.aber.ac.uk/en/learn-welsh/index.html]
[www.aber.ac.uk/img/arrows/arrow-up-border-black.png]
[www.aber.ac.uk/en/international-english/courses/index.html]
[www.aber.ac.uk/en/study-with-us/subjects/nursing/index.html]
[www.aber.ac.uk/en/study-with-us/ug-studies/scholarships/index.html]
[www.aber.ac.uk/img/arrows/arrow-up-border-yellow.png]
[www.aber.ac.uk/en/study-with-us/global-opportunities/index.html]
[www.aber.ac.uk/en/about-us/awards-and-accolades/index.html]
[www.aber.ac.uk/img/arrows/arrow-down-border-black.png]
[www.aber.ac.uk/img/arrows/arrow-down-border-yellow.png]
[www.aber.ac.uk/en/rbi/business/index.html]
[www.aber.ac.uk/en/discover-aberystwyth/index.html]
[www.aber.ac.uk/img/quote/quote.png]
[www.aber.ac.uk/en/discover-aberystwyth/life-on-campus/index.html]
[www.aber.ac.uk/en/study-with-us/student-life/index.html]
[www.aber.ac.uk/img/quote/quote@2x.png]
[www.aber.ac.uk/en/discover-aberystwyth/about-aber/index.html]
[www.aber.ac.uk/img/arrows/arrow-down-border-black-mob.png]
[www.aber.ac.uk/en/visitors/index1103.html]
[www.aber.ac.uk/en/learn-welsh/indexd955.html]
[www.aber.ac.uk/img/arrows/arrow-down-border-black-mob@2x.png]
[www.aber.ac.uk/en/lifelong-learning/index1103.html]
[www.aber.ac.uk/img/arrows/arrow-down-border-yellow-mob.png]
[www.aber.ac.uk/en/music/index1103.html]
[www.aber.ac.uk/img/arrows/arrow-down-border-yellow-mob@2x.png]
[www.aber.ac.uk/en/oldcollege/index1103.html]
[www.aber.ac.uk/en/sportscentre/index1103.html]
[www.aber.ac.uk/img/arrows/arrow-up-border-black-mob.png]
[www.aber.ac.uk/en/news/index2462.html]
[www.aber.ac.uk/img/arrows/arrow-up-border-black-mob@2x.png]
[www.aber.ac.uk/en/equality/disability-confident/index.html]
[www.aber.ac.uk/img/arrows/arrow-up-border-yellow-mob.png]
[www.aber.ac.uk/en/site-map/index65ef.html]
[www.aber.ac.uk/en/cookie-policy/index65ef.html]
[www.aber.ac.uk/en/accessibility/indexda55.html]
[www.aber.ac.uk/en/terms-and-conditions/index65ef.html]
[www.aber.ac.uk/en/feedback/index65ef.html]
[www.aber.ac.uk/img/arrows/arrow-up-border-yellow-mob@2x.png]
[www.aber.ac.uk/img/icons/video/play-vid-wh-sm.png]
[www.aber.ac.uk/img/icons/video/play-vid-wh-me.png]
[www.aber.ac.uk/img/miscellaneous/blue-bar.png]
[www.aber.ac.uk/img/icons/nav/news.png]
[www.aber.ac.uk/img/icons/nav/news@2x.png]
[www.aber.ac.uk/img/icons/icon-search-small.png]
[www.aber.ac.uk/img/icons/icon-search-small@2x.png]
[www.aber.ac.uk/img/icons/video/play-vid.png]
[www.aber.ac.uk/img/icons/video/play-vid-hov.png]
[www.aber.ac.uk/img/miscellaneous/email-cap-mobile.jpg]
[www.aber.ac.uk/img/miscellaneous/email-cap-mobile-cy.jpg]
[www.aber.ac.uk/img/miscellaneous/email-cap-desktop.jpg]
[www.aber.ac.uk/img/miscellaneous/email-cap-desktop-cy.jpg]
[www.aber.ac.uk/img/icons/video/play-vid-lg.png]
[www.aber.ac.uk/img/icons/video/play-vid-hov-lg.png]
[www.aber.ac.uk/img/content/mobile-twitter.jpg]
[www.aber.ac.uk/img/social-media/sm-facebook.png]
[www.aber.ac.uk/img/social-media/sm-facebook@2x.png]
[www.aber.ac.uk/img/social-media/sm-youtube.png]
[www.aber.ac.uk/img/social-media/sm-youtube@2x.png]
[www.aber.ac.uk/img/social-media/sm-twitter.png]
[www.aber.ac.uk/img/social-media/sm-twitter@2x.png]
[www.aber.ac.uk/img/social-media/sm-instagram.png]
[www.aber.ac.uk/img/social-media/sm-instagram@2x.png]
[www.aber.ac.uk/img/social-media/sm-wall.png]
[www.aber.ac.uk/img/social-media/sm-wall@2x.png]
[www.aber.ac.uk/img/social-media/sm-flicker.png]
[www.aber.ac.uk/img/social-media/sm-flicker@2x.png]
[www.aber.ac.uk/img/social-media/sm-snapchat.png]
[www.aber.ac.uk/img/social-media/sm-snapchat@2x.png]
[www.aber.ac.uk/img/social-media/sm-soundcloud.png]
[www.aber.ac.uk/img/icons/clock-sm.png]
[www.aber.ac.uk/img/icons/clock-sm@2x.png]
[www.aber.ac.uk/css2/app-v1.css]
[www.aber.ac.uk/img/content/hp-slider/bg-img/open-days-3-562.jpg]
[www.aber.ac.uk/img/content/hp-slider/bg-img/discover-562.jpg]
[www.aber.ac.uk/img/content/hp-slider/bg-img/hesa-562.jpg]
[www.aber.ac.uk/img/content/hp-slider/bg-img/nss-2-562.jpg]
[www.aber.ac.uk/img/content/hp-slider/bg-img/online-open-day-4-562.jpg]
[www.aber.ac.uk/img/content/hp-slider/bg-img/research-562.jpg]
[www.aber.ac.uk/img/content/hp-slider/bg-img/diversity-2-562.jpg]
[www.aber.ac.uk/img/content/hp-slider/bg-img/not-too-late-562.jpg]
[www.aber.ac.uk/img/content/hp-slider/bg-img/tef-562.jpg]
[www.aber.ac.uk/img/content/hp-slider/bg-img/graduation-562.jpg]
[www.aber.ac.uk/img/content/hp-slider/bg-img/bww-562.jpg]
[www.aber.ac.uk/img/content/hp-slider/bg-img/good-university-guide-562.jpg]
[www.aber.ac.uk/img/content/hp-slider/bg-img/resources-hub-562.jpg]
[www.aber.ac.uk/img/content/hp-slider/bg-img/scholarships-562.jpg]
[www.aber.ac.uk/img/content/hp-slider/bg-img/visiting-days-562.jpg]
[www.aber.ac.uk/img/content/hp-slider/bg-img/student-experience-562.jpg]
[www.aber.ac.uk/img/content/hp-slider/bg-img/good-university-guide-2020-562.jpg]
[www.aber.ac.uk/img/content/hp-slider/bg-img/pantycelyn-2-562.jpg]
[www.aber.ac.uk/img/content/hp-slider/bg-img/clearing-562.jpg]
[www.aber.ac.uk/img/content/hp-slider/bg-img/nss-20-562.jpg]
[www.aber.ac.uk/img/content/hp-slider/bg-img/campus-tours-562.jpg]
[www.aber.ac.uk/img/content/hp-slider/bg-img/mba-562.jpg]
[www.aber.ac.uk/img/content/hp-slider/bg-img/vet-562.jpg]
[www.aber.ac.uk/img/content/hp-slider/bg-img/entrance-scholarships-562.jpg]
[www.aber.ac.uk/img/content/hp-slider/bg-img/bsw-562.jpg]
[www.aber.ac.uk/img/content/hp-slider/bg-img/psw-562.jpg]
[www.aber.ac.uk/img/content/hp-slider/bg-img/research-2-562.jpg]
[www.aber.ac.uk/img/content/hp-slider/bg-img/clearing-visits-562.jpg]
[www.aber.ac.uk/img/content/hp-slider/bg-img/accom-562.jpg]
[www.aber.ac.uk/img/content/hp-slider/bg-img/vet-od-562.jpg]
[www.aber.ac.uk/img/content/hp-slider/bg-img/fy-562.jpg]
[www.aber.ac.uk/img/content/hp-slider/bg-img/welcome-562.jpg]
[www.aber.ac.uk/img/content/hp-slider/bg-img/open-days-3-562@2x.jpg]
[www.aber.ac.uk/img/content/hp-slider/bg-img/discover-562@2x.jpg]
[www.aber.ac.uk/img/content/hp-slider/bg-img/hesa-562@2x.jpg]
[www.aber.ac.uk/img/content/hp-slider/bg-img/nss-2-562@2x.jpg]
[www.aber.ac.uk/img/content/hp-slider/bg-img/online-open-day-4-562@2x.jpg]
[www.aber.ac.uk/img/content/hp-slider/bg-img/research-562@2x.jpg]
[www.aber.ac.uk/img/content/hp-slider/bg-img/diversity-2-562@2x.jpg]
[www.aber.ac.uk/img/content/hp-slider/bg-img/not-too-late-562@2x.jpg]
[www.aber.ac.uk/img/content/hp-slider/bg-img/tef-562@2x.jpg]
[www.aber.ac.uk/img/content/hp-slider/bg-img/graduation-562@2x.jpg]
[www.aber.ac.uk/img/content/hp-slider/bg-img/bww-562@2x.jpg]
[www.aber.ac.uk/img/content/hp-slider/bg-img/good-university-guide-562@2x.jpg]
[www.aber.ac.uk/img/content/hp-slider/bg-img/resources-hub-562@2x.jpg]
[www.aber.ac.uk/img/content/hp-slider/bg-img/scholarships-562@2x.jpg]
[www.aber.ac.uk/img/content/hp-slider/bg-img/visiting-days-562@2x.jpg]
[www.aber.ac.uk/img/content/hp-slider/bg-img/student-experience-562@2x.jpg]
[www.aber.ac.uk/img/content/hp-slider/bg-img/good-university-guide-2020-562@2x.jpg]
[www.aber.ac.uk/img/content/hp-slider/bg-img/pantycelyn-2-562@2x.jpg]
[www.aber.ac.uk/img/content/hp-slider/bg-img/clearing-562@2x.jpg]
[www.aber.ac.uk/img/content/hp-slider/bg-img/nss-20-562@2x.jpg]
[www.aber.ac.uk/img/content/hp-slider/bg-img/campus-tours-562@2x.jpg]
[www.aber.ac.uk/img/content/hp-slider/bg-img/mba-562@2x.jpg]
[www.aber.ac.uk/img/content/hp-slider/bg-img/vet-562@2x.jpg]
[www.aber.ac.uk/img/content/hp-slider/bg-img/entrance-scholarships-562@2x.jpg]
[www.aber.ac.uk/img/content/hp-slider/bg-img/bsw-562@2x.jpg]
[www.aber.ac.uk/img/content/hp-slider/bg-img/psw-562@2x.jpg]
[www.aber.ac.uk/img/content/hp-slider/bg-img/research-2-562@2x.jpg]
[www.aber.ac.uk/img/content/hp-slider/bg-img/clearing-visits-562@2x.jpg]
[www.aber.ac.uk/img/content/hp-slider/bg-img/accom-562@2x.jpg]
[www.aber.ac.uk/img/content/hp-slider/bg-img/vet-od-562@2x.jpg]
[www.aber.ac.uk/img/content/hp-slider/bg-img/fy-562@2x.jpg]
[www.aber.ac.uk/img/content/hp-slider/bg-img/welcome-562@2x.jpg]
[www.aber.ac.uk/img/content/hp-slider/bg-img/open-days-3-900.jpg]
[www.aber.ac.uk/img/content/hp-slider/bg-img/discover-900.jpg]
[www.aber.ac.uk/img/content/hp-slider/bg-img/hesa-900.jpg]
[www.aber.ac.uk/img/content/hp-slider/bg-img/nss-3-900.jpg]
[www.aber.ac.uk/img/content/hp-slider/bg-img/online-open-day-4a-900.jpg]
[www.aber.ac.uk/img/content/hp-slider/bg-img/research-900.jpg]
[www.aber.ac.uk/img/content/hp-slider/bg-img/diversity-2-900.jpg]
[www.aber.ac.uk/img/content/hp-slider/bg-img/not-too-late-900.jpg]
[www.aber.ac.uk/img/content/hp-slider/bg-img/tef-900.jpg]
[www.aber.ac.uk/img/content/hp-slider/bg-img/graduation-900.jpg]
[www.aber.ac.uk/img/content/hp-slider/bg-img/bww-900.jpg]
[www.aber.ac.uk/img/content/hp-slider/bg-img/good-university-guide-900.jpg]
[www.aber.ac.uk/img/content/hp-slider/bg-img/resources-hub-900.jpg]
[www.aber.ac.uk/img/content/hp-slider/bg-img/scholarships-900.jpg]
[www.aber.ac.uk/img/content/hp-slider/bg-img/visiting-days-900.jpg]
[www.aber.ac.uk/img/content/hp-slider/bg-img/student-experience-900.jpg]
[www.aber.ac.uk/img/content/hp-slider/bg-img/good-university-guide-2020-900.jpg]
[www.aber.ac.uk/img/content/hp-slider/bg-img/pantycelyn-2-900.jpg]
[www.aber.ac.uk/img/content/hp-slider/bg-img/clearing-900.jpg]
[www.aber.ac.uk/img/content/hp-slider/bg-img/nss-20-900.jpg]
[www.aber.ac.uk/img/content/hp-slider/bg-img/campus-tours-900.jpg]
[www.aber.ac.uk/img/content/hp-slider/bg-img/mba-900.jpg]
[www.aber.ac.uk/img/content/hp-slider/bg-img/vet-900.jpg]
[www.aber.ac.uk/img/content/hp-slider/bg-img/entrance-scholarships-900.jpg]
[www.aber.ac.uk/img/content/hp-slider/bg-img/bsw-900.jpg]
[www.aber.ac.uk/img/content/hp-slider/bg-img/psw-900.jpg]
[www.aber.ac.uk/img/content/hp-slider/bg-img/research-2-900.jpg]
[www.aber.ac.uk/img/content/hp-slider/bg-img/clearing-visits-900.jpg]
[www.aber.ac.uk/img/content/hp-slider/bg-img/accom-900.jpg]
[www.aber.ac.uk/img/content/hp-slider/bg-img/vet-od-900.jpg]
[www.aber.ac.uk/img/content/hp-slider/bg-img/fy-900.jpg]
[www.aber.ac.uk/img/content/hp-slider/bg-img/welcome-900.jpg]
[www.aber.ac.uk/img/content/hp-slider/bg-img/open-days-3-900@2x.jpg]
[www.aber.ac.uk/img/content/hp-slider/bg-img/discover-900@2x.jpg]
[www.aber.ac.uk/img/content/hp-slider/bg-img/hesa-900@2x.jpg]
[www.aber.ac.uk/img/content/hp-slider/bg-img/nss-3-900@2x.jpg]
[www.aber.ac.uk/img/content/hp-slider/bg-img/online-open-day-4a-900@2x.jpg]
[www.aber.ac.uk/img/content/hp-slider/bg-img/research-900@2x.jpg]
[www.aber.ac.uk/img/content/hp-slider/bg-img/diversity-2-900@2x.jpg]
[www.aber.ac.uk/img/content/hp-slider/bg-img/not-too-late-900@2x.jpg]
[www.aber.ac.uk/img/content/hp-slider/bg-img/tef-900@2x.jpg]
[www.aber.ac.uk/img/content/hp-slider/bg-img/graduation-900@2x.jpg]
[www.aber.ac.uk/img/content/hp-slider/bg-img/bww-900@2x.jpg]
[www.aber.ac.uk/img/content/hp-slider/bg-img/good-university-guide-900@2x.jpg]
[www.aber.ac.uk/img/content/hp-slider/bg-img/resources-hub-900@2x.jpg]
[www.aber.ac.uk/img/content/hp-slider/bg-img/scholarships-900@2x.jpg]
[www.aber.ac.uk/img/content/hp-slider/bg-img/visiting-days-900@2x.jpg]
[www.aber.ac.uk/img/content/hp-slider/bg-img/student-experience-900@2x.jpg]
[www.aber.ac.uk/img/content/hp-slider/bg-img/good-university-guide-2020-900@2x.jpg]
[www.aber.ac.uk/img/content/hp-slider/bg-img/pantycelyn-2-900@2x.jpg]
[www.aber.ac.uk/img/content/hp-slider/bg-img/clearing-900@2x.jpg]
[www.aber.ac.uk/img/content/hp-slider/bg-img/nss-20-900@2x.jpg]
[www.aber.ac.uk/img/content/hp-slider/bg-img/campus-tours-900@2x.jpg]
[www.aber.ac.uk/img/content/hp-slider/bg-img/mba-900@2x.jpg]
[www.aber.ac.uk/img/content/hp-slider/bg-img/vet-900@2x.jpg]
[www.aber.ac.uk/img/content/hp-slider/bg-img/entrance-scholarships-900@2x.jpg]
[www.aber.ac.uk/img/content/hp-slider/bg-img/bsw-900@2x.jpg]
[www.aber.ac.uk/img/content/hp-slider/bg-img/psw-900@2x.jpg]
[www.aber.ac.uk/img/content/hp-slider/bg-img/research-2-900@2x.jpg]
[www.aber.ac.uk/img/content/hp-slider/bg-img/clearing-visits-900@2x.jpg]
[www.aber.ac.uk/img/content/hp-slider/bg-img/accom-900@2x.jpg]
[www.aber.ac.uk/img/content/hp-slider/bg-img/vet-od-900@2x.jpg]
[www.aber.ac.uk/img/content/hp-slider/bg-img/fy-900@2x.jpg]
[www.aber.ac.uk/img/content/hp-slider/bg-img/welcome-900@2x.jpg]
[www.aber.ac.uk/img/content/hp-slider/bg-img/open-days-3-1440.jpg]
[www.aber.ac.uk/img/content/hp-slider/bg-img/discover-1440.jpg]
[www.aber.ac.uk/img/content/hp-slider/bg-img/hesa-1440.jpg]
[www.aber.ac.uk/img/content/hp-slider/bg-img/nss-3-1440.jpg]
[www.aber.ac.uk/img/content/hp-slider/bg-img/online-open-day-4a-1440.jpg]
[www.aber.ac.uk/img/content/hp-slider/bg-img/research-1440.jpg]
[www.aber.ac.uk/img/content/hp-slider/bg-img/diversity-2-1440.jpg]
[www.aber.ac.uk/img/content/hp-slider/bg-img/not-too-late-1440.jpg]
[www.aber.ac.uk/img/content/hp-slider/bg-img/tef-1440.jpg]
[www.aber.ac.uk/img/content/hp-slider/bg-img/graduation-1440.jpg]
[www.aber.ac.uk/img/content/hp-slider/bg-img/bww-1440.jpg]
[www.aber.ac.uk/img/content/hp-slider/bg-img/good-university-guide-1440.jpg]
[www.aber.ac.uk/img/content/hp-slider/bg-img/resources-hub-1440.jpg]
[www.aber.ac.uk/img/content/hp-slider/bg-img/scholarships-1440.jpg]
[www.aber.ac.uk/img/content/hp-slider/bg-img/visiting-days-1440.jpg]
[www.aber.ac.uk/img/content/hp-slider/bg-img/student-experience-1440.jpg]
[www.aber.ac.uk/img/content/hp-slider/bg-img/good-university-guide-2020-1440.jpg]
[www.aber.ac.uk/img/content/hp-slider/bg-img/pantycelyn-2-1440.jpg]
[www.aber.ac.uk/img/content/hp-slider/bg-img/clearing-1440.jpg]
[www.aber.ac.uk/img/content/hp-slider/bg-img/nss-20-1440.jpg]
[www.aber.ac.uk/img/content/hp-slider/bg-img/campus-tours-1440.jpg]
[www.aber.ac.uk/img/content/hp-slider/bg-img/mba-1440.jpg]
[www.aber.ac.uk/img/content/hp-slider/bg-img/vet-1440.jpg]
[www.aber.ac.uk/img/content/hp-slider/bg-img/entrance-scholarships-1440.jpg]
[www.aber.ac.uk/img/content/hp-slider/bg-img/bsw-1440.jpg]
[www.aber.ac.uk/img/content/hp-slider/bg-img/psw-1440.jpg]
[www.aber.ac.uk/img/content/hp-slider/bg-img/research-2-1440.jpg]
[www.aber.ac.uk/img/content/hp-slider/bg-img/clearing-visits-1440.jpg]
[www.aber.ac.uk/img/content/hp-slider/bg-img/accom-1440.jpg]
[www.aber.ac.uk/img/content/hp-slider/bg-img/vet-od-1440.jpg]
[www.aber.ac.uk/img/content/hp-slider/bg-img/fy-1440.jpg]
[www.aber.ac.uk/img/content/hp-slider/bg-img/welcome-1440.jpg]
[www.aber.ac.uk/img/content/hp-slider/bg-img/open-days-3-1440@2x.jpg]
[www.aber.ac.uk/img/content/hp-slider/bg-img/discover-1440@2x.jpg]
[www.aber.ac.uk/img/content/hp-slider/bg-img/hesa-1440@2x.jpg]
[www.aber.ac.uk/img/content/hp-slider/bg-img/nss-3-1440@2x.jpg]
[www.aber.ac.uk/img/content/hp-slider/bg-img/online-open-day-4a-1440@2x.jpg]
[www.aber.ac.uk/img/content/hp-slider/bg-img/research-1440@2x.jpg]
[www.aber.ac.uk/img/content/hp-slider/bg-img/diversity-2-1440@2x.jpg]
[www.aber.ac.uk/img/content/hp-slider/bg-img/not-too-late-1440@2x.jpg]
[www.aber.ac.uk/img/content/hp-slider/bg-img/tef-1440@2x.jpg]
[www.aber.ac.uk/img/content/hp-slider/bg-img/graduation-1440@2x.jpg]
[www.aber.ac.uk/img/content/hp-slider/bg-img/bww-1440@2x.jpg]
[www.aber.ac.uk/img/content/hp-slider/bg-img/good-university-guide-1440@2x.jpg]
[www.aber.ac.uk/img/content/hp-slider/bg-img/resources-hub-1440@2x.jpg]
[www.aber.ac.uk/img/content/hp-slider/bg-img/scholarships-1440@2x.jpg]
[www.aber.ac.uk/img/content/hp-slider/bg-img/visiting-days-1440@2x.jpg]
[www.aber.ac.uk/img/content/hp-slider/bg-img/student-experience-1440@2x.jpg]
[www.aber.ac.uk/img/content/hp-slider/bg-img/good-university-guide-2020-1440@2x.jpg]
[www.aber.ac.uk/img/content/hp-slider/bg-img/pantycelyn-2-1440@2x.jpg]
[www.aber.ac.uk/img/content/hp-slider/bg-img/clearing-1440@2x.jpg]
[www.aber.ac.uk/img/content/hp-slider/bg-img/nss-20-1440@2x.jpg]
[www.aber.ac.uk/img/content/hp-slider/bg-img/campus-tours-1440@2x.jpg]
[www.aber.ac.uk/img/content/hp-slider/bg-img/mba-1440@2x.jpg]
[www.aber.ac.uk/img/content/hp-slider/bg-img/entrance-scholarships-1440@2x.jpg]
[www.aber.ac.uk/img/content/hp-slider/bg-img/bsw-1440@2x.jpg]
[www.aber.ac.uk/img/content/hp-slider/bg-img/psw-1440@2x.jpg]
[www.aber.ac.uk/img/content/hp-slider/bg-img/research-2-1440@2x.jpg]
[www.aber.ac.uk/img/content/hp-slider/bg-img/clearing-visits-1440@2x.jpg]
[www.aber.ac.uk/img/content/hp-slider/bg-img/accom-1440@2x.jpg]
[www.aber.ac.uk/img/content/hp-slider/bg-img/vet-od-1440@2x.jpg]
[www.aber.ac.uk/img/content/hp-slider/bg-img/fy-1440@2x.jpg]
[www.aber.ac.uk/img/content/hp-slider/bg-img/welcome-1440@2x.jpg]
[www.aber.ac.uk/img/icons/nav/clearing-phone-wh-full.png]
[www.aber.ac.uk/img/icons/nav/clearing-phone-wh-full@2x.png]
[www.aber.ac.uk/img/homepage/hero/clearing-sm.jpg]
[www.aber.ac.uk/img/homepage/hero/campus-tours-sm.jpg]
[www.aber.ac.uk/img/homepage/hero/research-sm.jpg]
[www.aber.ac.uk/img/homepage/hero/pg-community-2-sm.jpg]
[www.aber.ac.uk/img/homepage/hero/welsh-medium-sm.jpg]
[www.aber.ac.uk/img/homepage/hero/welcome-2-sm.jpg]
[www.aber.ac.uk/img/homepage/hero/open-day-sm.jpg]
[www.aber.ac.uk/img/homepage/hero/study-at-aber-sm.jpg]
[www.aber.ac.uk/img/homepage/hero/ood-2-sm.jpg]
[www.aber.ac.uk/img/homepage/hero/scholarship-sm.jpg]
[www.aber.ac.uk/img/homepage/hero/pg-sm.jpg]
[www.aber.ac.uk/img/homepage/hero/pgce-sm.jpg]
[www.aber.ac.uk/img/homepage/hero/graduation-2022-sm.jpg]
[www.aber.ac.uk/img/homepage/hero/clearing-2-sm.jpg]
[www.aber.ac.uk/img/homepage/hero/student-satisfaction-sm.jpg]
[www.aber.ac.uk/img/homepage/hero/accommodation-sm.jpg]
[www.aber.ac.uk/img/homepage/hero/learn-more-about-clearing-sm.jpg]
[www.aber.ac.uk/img/homepage/hero/150-ri-sm.jpg]
[www.aber.ac.uk/img/homepage/hero/location-sm.jpg]
[www.aber.ac.uk/img/homepage/hero/nursing-sm.jpg]
[www.aber.ac.uk/img/homepage/hero/call-us-sm.jpg]
[www.aber.ac.uk/img/homepage/hero/queen-sm.jpg]
[www.aber.ac.uk/img/homepage/hero/150-sm.jpg]
[www.aber.ac.uk/img/homepage/hero/clearing-sm@2x.jpg]
[www.aber.ac.uk/img/homepage/hero/campus-tours-sm@2x.jpg]
[www.aber.ac.uk/img/homepage/hero/research-sm@2x.jpg]
[www.aber.ac.uk/img/homepage/hero/pg-community-2-sm@2x.jpg]
[www.aber.ac.uk/img/homepage/hero/welsh-medium-sm@2x.jpg]
[www.aber.ac.uk/img/homepage/hero/welcome-2-sm@2x.jpg]
[www.aber.ac.uk/img/homepage/hero/open-day-sm@2x.jpg]
[www.aber.ac.uk/img/homepage/hero/study-at-aber-sm@2x.jpg]
[www.aber.ac.uk/img/homepage/hero/ood-2-sm@2x.jpg]
[www.aber.ac.uk/img/homepage/hero/scholarship-sm@2x.jpg]
[www.aber.ac.uk/img/homepage/hero/pg-sm@2x.jpg]
[www.aber.ac.uk/img/homepage/hero/pgce-sm@2x.jpg]
[www.aber.ac.uk/img/homepage/hero/graduation-2022-sm@2x.jpg]
[www.aber.ac.uk/img/homepage/hero/clearing-2-sm@2x.jpg]
[www.aber.ac.uk/img/homepage/hero/student-satisfaction-sm@2x.jpg]
[www.aber.ac.uk/img/homepage/hero/accommodation-sm@2x.jpg]
[www.aber.ac.uk/img/homepage/hero/learn-more-about-clearing-sm@2x.jpg]
[www.aber.ac.uk/img/homepage/hero/150-ri-sm@2x.jpg]
[www.aber.ac.uk/img/homepage/hero/location-sm@2x.jpg]
[www.aber.ac.uk/img/homepage/hero/nursing-sm@2x.jpg]
[www.aber.ac.uk/img/homepage/hero/call-us-sm@2x.jpg]
[www.aber.ac.uk/img/homepage/hero/queen-sm@2x.jpg]
[www.aber.ac.uk/img/homepage/hero/150-sm@2x.jpg]
[www.aber.ac.uk/img/homepage/hero/clearing-md.jpg]
[www.aber.ac.uk/img/homepage/hero/campus-tours-md.jpg]
[www.aber.ac.uk/img/homepage/hero/research-md.jpg]
[www.aber.ac.uk/img/homepage/hero/pg-community-2-md.jpg]
[www.aber.ac.uk/img/homepage/hero/welsh-medium-md.jpg]
[www.aber.ac.uk/img/homepage/hero/welcome-2-md.jpg]
[www.aber.ac.uk/img/homepage/hero/open-day-md.jpg]
[www.aber.ac.uk/img/homepage/hero/study-at-aber-md.jpg]
[www.aber.ac.uk/img/homepage/hero/ood-2-md.jpg]
[www.aber.ac.uk/img/homepage/hero/scholarship-md.jpg]
[www.aber.ac.uk/img/homepage/hero/pg-md.jpg]
[www.aber.ac.uk/img/homepage/hero/pgce-md.jpg]
[www.aber.ac.uk/img/homepage/hero/graduation-2022-md.jpg]
[www.aber.ac.uk/img/homepage/hero/clearing-2-md.jpg]
[www.aber.ac.uk/img/homepage/hero/student-satisfaction-md.jpg]
[www.aber.ac.uk/img/homepage/hero/accommodation-md.jpg]
[www.aber.ac.uk/img/homepage/hero/learn-more-about-clearing-md.jpg]
[www.aber.ac.uk/img/homepage/hero/150-ri-md.jpg]
[www.aber.ac.uk/img/homepage/hero/location-md.jpg]
[www.aber.ac.uk/img/homepage/hero/nursing-md.jpg]
[www.aber.ac.uk/img/homepage/hero/call-us-md.jpg]
[www.aber.ac.uk/img/homepage/hero/queen-md.jpg]
[www.aber.ac.uk/img/homepage/hero/150-md.jpg]
[www.aber.ac.uk/img/homepage/hero/clearing-md@2x.jpg]
[www.aber.ac.uk/img/homepage/hero/campus-tours-md@2x.jpg]
[www.aber.ac.uk/img/homepage/hero/research-md@2x.jpg]
[www.aber.ac.uk/img/homepage/hero/pg-community-2-md@2x.jpg]
[www.aber.ac.uk/img/homepage/hero/welsh-medium-md@2x.jpg]
[www.aber.ac.uk/img/homepage/hero/welcome-2-md@2x.jpg]
[www.aber.ac.uk/img/homepage/hero/open-day-md@2x.jpg]
[www.aber.ac.uk/img/homepage/hero/study-at-aber-md@2x.jpg]
[www.aber.ac.uk/img/homepage/hero/ood-2-md@2x.jpg]
[www.aber.ac.uk/img/homepage/hero/scholarship-md@2x.jpg]
[www.aber.ac.uk/img/homepage/hero/pg-md@2x.jpg]
[www.aber.ac.uk/img/homepage/hero/pgce-md@2x.jpg]
[www.aber.ac.uk/img/homepage/hero/graduation-2022-md@2x.jpg]
[www.aber.ac.uk/img/homepage/hero/clearing-2-md@2x.jpg]
[www.aber.ac.uk/img/homepage/hero/student-satisfaction-md@2x.jpg]
[www.aber.ac.uk/img/homepage/hero/accommodation-md@2x.jpg]
[www.aber.ac.uk/img/homepage/hero/learn-more-about-clearing-md@2x.jpg]
[www.aber.ac.uk/img/homepage/hero/150-ri-md@2x.jpg]
[www.aber.ac.uk/img/homepage/hero/location-md@2x.jpg]
[www.aber.ac.uk/img/homepage/hero/nursing-md@2x.jpg]
[www.aber.ac.uk/img/homepage/hero/call-us-md@2x.jpg]
[www.aber.ac.uk/img/homepage/hero/queen-md@2x.jpg]
[www.aber.ac.uk/img/homepage/hero/150-md@2x.jpg]
[www.aber.ac.uk/img/homepage/hero/clearing-la.jpg]
[www.aber.ac.uk/img/homepage/hero/campus-tours-la.jpg]
[www.aber.ac.uk/img/homepage/hero/research-la.jpg]
[www.aber.ac.uk/img/homepage/hero/pg-community-2-la.jpg]
[www.aber.ac.uk/img/homepage/hero/welsh-medium-la.jpg]
[www.aber.ac.uk/img/homepage/hero/welcome-2-la.jpg]
[www.aber.ac.uk/img/homepage/hero/open-day-la.jpg]
[www.aber.ac.uk/img/homepage/hero/study-at-aber-la.jpg]
[www.aber.ac.uk/img/homepage/hero/ood-2-la.jpg]
[www.aber.ac.uk/img/homepage/hero/scholarship-la.jpg]
[www.aber.ac.uk/img/homepage/hero/pg-la.jpg]
[www.aber.ac.uk/img/homepage/hero/pgce-la.jpg]
[www.aber.ac.uk/img/homepage/hero/graduation-2022-la.jpg]
[www.aber.ac.uk/img/homepage/hero/clearing-2-la.jpg]
[www.aber.ac.uk/img/homepage/hero/student-satisfaction-la.jpg]
[www.aber.ac.uk/img/homepage/hero/accommodation-la.jpg]
[www.aber.ac.uk/img/homepage/hero/learn-more-about-clearing-la.jpg]
[www.aber.ac.uk/img/homepage/hero/150-ri-la.jpg]
[www.aber.ac.uk/img/homepage/hero/location-la.jpg]
[www.aber.ac.uk/img/homepage/hero/nursing-la.jpg]
[www.aber.ac.uk/img/homepage/hero/call-us-la.jpg]
[www.aber.ac.uk/img/homepage/hero/queen-la.jpg]
[www.aber.ac.uk/img/homepage/hero/150-la.jpg]
[www.aber.ac.uk/img/homepage/hero/clearing-la@2x.jpg]
[www.aber.ac.uk/img/homepage/hero/campus-tours-la@2x.jpg]
[www.aber.ac.uk/img/homepage/hero/research-la@2x.jpg]
[www.aber.ac.uk/img/homepage/hero/pg-community-2-la@2x.jpg]
[www.aber.ac.uk/img/homepage/hero/welsh-medium-la@2x.jpg]
[www.aber.ac.uk/img/homepage/hero/welcome-2-la@2x.jpg]
[www.aber.ac.uk/img/homepage/hero/open-day-la@2x.jpg]
[www.aber.ac.uk/img/homepage/hero/study-at-aber-la@2x.jpg]
[www.aber.ac.uk/img/homepage/hero/ood-2-la@2x.jpg]
[www.aber.ac.uk/img/homepage/hero/scholarship-la@2x.jpg]
[www.aber.ac.uk/img/homepage/hero/pg-la@2x.jpg]
[www.aber.ac.uk/img/homepage/hero/pgce-la@2x.jpg]
[www.aber.ac.uk/img/homepage/hero/graduation-2022-la@2x.jpg]
[www.aber.ac.uk/img/homepage/hero/clearing-2-la@2x.jpg]
[www.aber.ac.uk/img/homepage/hero/student-satisfaction-la@2x.jpg]
[www.aber.ac.uk/img/homepage/hero/accommodation-la@2x.jpg]
[www.aber.ac.uk/img/homepage/hero/learn-more-about-clearing-la@2x.jpg]
[www.aber.ac.uk/img/homepage/hero/150-ri-la@2x.jpg]
[www.aber.ac.uk/img/homepage/hero/location-la@2x.jpg]
[www.aber.ac.uk/img/homepage/hero/nursing-la@2x.jpg]
[www.aber.ac.uk/img/homepage/hero/call-us-la@2x.jpg]
[www.aber.ac.uk/img/homepage/hero/queen-la@2x.jpg]
[www.aber.ac.uk/img/homepage/hero/150-la@2x.jpg]
[www.aber.ac.uk/img/homepage/hero/clearing-xl.jpg]
[www.aber.ac.uk/img/homepage/hero/campus-tours-xl.jpg]
[www.aber.ac.uk/img/homepage/hero/research-xl.jpg]
[www.aber.ac.uk/img/homepage/hero/pg-community-2-xl.jpg]
[www.aber.ac.uk/img/homepage/hero/welsh-medium-xl.jpg]
[www.aber.ac.uk/img/homepage/hero/welcome-2-xl.jpg]
[www.aber.ac.uk/img/homepage/hero/open-day-xl.jpg]
[www.aber.ac.uk/img/homepage/hero/study-at-aber-xl.jpg]
[www.aber.ac.uk/img/homepage/hero/ood-2-xl.jpg]
[www.aber.ac.uk/img/homepage/hero/scholarship-xl.jpg]
[www.aber.ac.uk/img/homepage/hero/pg-xl.jpg]
[www.aber.ac.uk/img/homepage/hero/pgce-xl.jpg]
[www.aber.ac.uk/img/homepage/hero/graduation-2022-xl.jpg]
[www.aber.ac.uk/img/homepage/hero/clearing-2-xl.jpg]
[www.aber.ac.uk/img/homepage/hero/student-satisfaction-xl.jpg]
[www.aber.ac.uk/img/homepage/hero/accommodation-xl.jpg]
[www.aber.ac.uk/img/homepage/hero/learn-more-about-clearing-xl.jpg]
[www.aber.ac.uk/img/homepage/hero/150-ri-xl.jpg]
[www.aber.ac.uk/img/homepage/hero/location-xl.jpg]
[www.aber.ac.uk/img/homepage/hero/nursing-xl.jpg]
[www.aber.ac.uk/img/homepage/hero/call-us-xl.jpg]
[www.aber.ac.uk/img/homepage/hero/queen-xl.jpg]
[www.aber.ac.uk/img/homepage/hero/150-xl.jpg]
[www.aber.ac.uk/img/homepage/hero/clearing-xl@2x.jpg]
[www.aber.ac.uk/img/homepage/hero/campus-tours-xl@2x.jpg]
[www.aber.ac.uk/img/homepage/hero/research-xl@2x.jpg]
[www.aber.ac.uk/img/homepage/hero/pg-community-2-xl@2x.jpg]
[www.aber.ac.uk/img/homepage/hero/welsh-medium-xl@2x.jpg]
[www.aber.ac.uk/img/homepage/hero/welcome-2-xl@2x.jpg]
[www.aber.ac.uk/img/homepage/hero/open-day-xl@2x.jpg]
[www.aber.ac.uk/img/homepage/hero/study-at-aber-xl@2x.jpg]
[www.aber.ac.uk/img/homepage/hero/ood-2-xl@2x.jpg]
[www.aber.ac.uk/img/homepage/hero/scholarship-xl@2x.jpg]
[www.aber.ac.uk/img/homepage/hero/pg-xl@2x.jpg]
[www.aber.ac.uk/img/homepage/hero/pgce-xl@2x.jpg]
[www.aber.ac.uk/img/homepage/hero/graduation-2022-xl@2x.jpg]
[www.aber.ac.uk/img/homepage/hero/clearing-2-xl@2x.jpg]
[www.aber.ac.uk/img/homepage/hero/student-satisfaction-xl@2x.jpg]
[www.aber.ac.uk/img/homepage/hero/accommodation-xl@2x.jpg]
[www.aber.ac.uk/img/homepage/hero/learn-more-about-clearing-xl@2x.jpg]
[www.aber.ac.uk/img/homepage/hero/150-ri-xl@2x.jpg]
[www.aber.ac.uk/img/homepage/hero/location-xl@2x.jpg]
[www.aber.ac.uk/img/homepage/hero/nursing-xl@2x.jpg]
[www.aber.ac.uk/img/homepage/hero/call-us-xl@2x.jpg]
[www.aber.ac.uk/img/homepage/hero/queen-xl@2x.jpg]
[www.aber.ac.uk/img/homepage/hero/150-xl@2x.jpg]
[www.aber.ac.uk/css2/hp-v9.css]
[www.googletagmanager.com/gtm5445.html]
[www.aber.ac.uk/css2/app-v5.css]
[www.aber.ac.uk/en/about-us/150-anniversary/150th.jpg]
[www.aber.ac.uk/en/about-us/index.html]
[www.aber.ac.uk/en/media/departmental/aboutus/150thanniversary/VC---Prof-Elizabeth-Treasure-220x195.jpg]
[www.aber.ac.uk/en/about-us/150-anniversary/image-menu/975-004_SirM_59098.jpg]
[www.aber.ac.uk/en/about-us/150-anniversary/how-the-first-university-in-wales-was-born/index.html]
[www.aber.ac.uk/en/about-us/150-anniversary/image-menu/history.jpg]
[www.aber.ac.uk/en/about-us/history/history/index.html]
[www.aber.ac.uk/en/about-us/150-anniversary/image-menu/founders.jpg]
[www.aber.ac.uk/en/about-us/150-anniversary/image-menu/research-strategy.jpg]
[www.aber.ac.uk/en/about-us/150-anniversary/research-150/index.html]
[www.aber.ac.uk/en/about-us/150-anniversary/image-menu/150-dyfrlliw-seddon-watercolour-rolant-dafis-336x388.jpg]
[www.aber.ac.uk/en/about-us/150-anniversary/150-publication/index.html]
[www.aber.ac.uk/en/about-us/150-anniversary/image-menu/photo-1517048676732-d65bc937f952.jpg]
[www.aber.ac.uk/en/about-us/150-anniversary/open-programme/index.html]
[www.aber.ac.uk/en/about-us/150-anniversary/image-menu/Keith-Morris-OC-front.jpg]
[www.aber.ac.uk/en/about-us/150-anniversary/old-college/index.html]
[www.aber.ac.uk/en/about-us/150-anniversary/image-menu/Picture5-(1)-min-(1).png]
[www.aber.ac.uk/en/about-us/150-anniversary/150-drone/index.html]
[www.aber.ac.uk/en/about-us/150-anniversary/image-menu/150th.jpg]
[www.aber.ac.uk/en/about-us/150-anniversary/index.html]
[www.aber.ac.uk/en/about-us/about/index.html]
[www.aber.ac.uk/en/about-us/strategic-plan/index.html]
[www.aber.ac.uk/en/about-us/teaching-learning/index.html]
[www.aber.ac.uk/en/about-us/history/index.html]
[www.aber.ac.uk/en/about-us/sustainability/index.html]
[www.aber.ac.uk/en/about-us/150-anniversary/photo-galleries/index.html]
[www.aber.ac.uk/en/about-us/corporate-information/index.html]
[www.aber.ac.uk/slider-files/files/large/SD33/71/Clearing Visit.jpg]
[www.aber.ac.uk/en/about-us/departments-faculties/index.html]
[www.aber.ac.uk/en/about-us/dates-of-term/index.html]
[www.aber.ac.uk/en/about-us/complaints/index.html]
[www.aber.ac.uk/slider-files/files/large/SD33/71/Big Welcome.jpg]
[www.aber.ac.uk/en/contact-us/index.html]
[www.aber.ac.uk/slider-files/files/large/SD33/71/Register Your Intrest.jpg]
[www.aber.ac.uk/slider-files/files/large/SD33/71/pg.jpg]
[www.aber.ac.uk/slider-files/files/large/SD33/71/slider-6.jpg]
[www.aber.ac.uk/slider-files/files/large/SD33/71/slider-7_1.jpg]
[www.aber.ac.uk/js2/libs/jquery.autocomplete.js]
[www.aber.ac.uk/en/clearing/index.html]
[www.aber.ac.uk/js2/aber/course-search.min.js]
[www.aber.ac.uk/en/study-with-us/study-aber/index.html]
[cdn.unibuddy.co/unibuddy-carousel.js]
[www.aber.ac.uk/en/study-with-us/fees/index.html]
[www.aber.ac.uk/en/study-with-us/column1/ugstudies.jpg]
[www.aber.ac.uk/en/study-with-us/accommodation/index.html]
[www.aber.ac.uk/en/study-with-us/column1/whyaber.jpg]
[www.aber.ac.uk/en/study-with-us/column1/fees.jpg]
[www.aber.ac.uk/en/study-with-us/column1/studentlife.jpg]
[www.aber.ac.uk/en/study-with-us/column1/accommodation.jpg]
[www.aber.ac.uk/en/study-with-us/column2/postgraduate.jpg]
[www.aber.ac.uk/en/study-with-us/column2/OpenDay.jpg]
[www.aber.ac.uk/en/study-with-us/column2/international.jpg]
[www.aber.ac.uk/en/study-with-us/column2/mba.jpg]
[www.aber.ac.uk/en/study-with-us/column2/VirtualTours.jpg]
[www.aber.ac.uk/en/study-with-us/column2/gloop.jpg]
[www.aber.ac.uk/en/study-with-us/index730d.html]
[www.aber.ac.uk/en/study-with-us/scholarships-bursaries/index.html]
[www.aber.ac.uk/en/study-with-us/srwp/index.html]
[www.aber.ac.uk/en/study-with-us/subjects/accounting-finance/index.html]
[www.aber.ac.uk/en/study-with-us/subjects/subjects/accounting.jpg]
[www.aber.ac.uk/en/study-with-us/subjects/subjects/Agriculture.jpg]
[www.aber.ac.uk/en/study-with-us/subjects/agriculture/index.html]
[www.aber.ac.uk/en/study-with-us/subjects/subjects/animalscience.jpg]
[www.aber.ac.uk/en/study-with-us/subjects/animal-aquatic-sciences/index.html]
[www.aber.ac.uk/en/study-with-us/subjects/subjects/art.jpg]
[www.aber.ac.uk/en/study-with-us/subjects/art-photography/index.html]
[www.aber.ac.uk/en/study-with-us/subjects/subjects/Biochemistry.jpg]
[www.aber.ac.uk/en/study-with-us/subjects/genetics/index.html]
[www.aber.ac.uk/en/study-with-us/subjects/subjects/Biology.jpg]
[www.aber.ac.uk/en/study-with-us/subjects/biology/index.html]
[www.aber.ac.uk/en/study-with-us/subjects/subjects/Business.jpg]
[www.aber.ac.uk/en/study-with-us/subjects/business/index.html]
[www.aber.ac.uk/en/study-with-us/subjects/subjects/compsci.jpg]
[www.aber.ac.uk/en/study-with-us/subjects/computer-science/index.html]
[www.aber.ac.uk/en/study-with-us/subjects/subjects/Drama.jpg]
[www.aber.ac.uk/en/study-with-us/subjects/drama-theatre/index.html]
[www.aber.ac.uk/en/study-with-us/subjects/subjects/Ecologicalsciencesjpg.jpg]
[www.aber.ac.uk/en/study-with-us/subjects/ecological-sciences/index.html]
[www.aber.ac.uk/en/study-with-us/subjects/subjects/Economics.jpg]
[www.aber.ac.uk/en/study-with-us/subjects/economics/index.html]
[www.aber.ac.uk/en/study-with-us/subjects/subjects/Education.jpg]
[www.aber.ac.uk/en/study-with-us/subjects/teaching/index.html]
[www.aber.ac.uk/en/study-with-us/subjects/subjects/English.jpg]
[www.aber.ac.uk/en/study-with-us/subjects/english/index.html]
[www.aber.ac.uk/en/study-with-us/subjects/subjects/Filmtv.jpg]
[www.aber.ac.uk/en/study-with-us/subjects/film-television/index.html]
[www.aber.ac.uk/en/study-with-us/subjects/subjects/Geography.jpg]
[www.aber.ac.uk/en/study-with-us/subjects/geography-environmental-earth-sciences/index.html]
[www.aber.ac.uk/en/study-with-us/subjects/subjects/history.jpg]
[www.aber.ac.uk/en/study-with-us/subjects/history/index.html]
[www.aber.ac.uk/en/study-with-us/subjects/subjects/humanbiology.jpg]
[www.aber.ac.uk/en/study-with-us/subjects/biomedical/index.html]
[www.aber.ac.uk/en/study-with-us/subjects/subjects/informationlibrary.jpg]
[www.aber.ac.uk/en/study-with-us/subjects/library-studies/index.html]
[www.aber.ac.uk/en/study-with-us/subjects/subjects/law.jpg]
[www.aber.ac.uk/en/study-with-us/subjects/law-criminology/index.html]
[www.aber.ac.uk/en/study-with-us/subjects/subjects/maths.jpg]
[www.aber.ac.uk/en/study-with-us/subjects/maths/index.html]
[www.aber.ac.uk/en/study-with-us/subjects/subjects/Marketing.jpg]
[www.aber.ac.uk/en/study-with-us/subjects/marketing-tourism/index.html]
[www.aber.ac.uk/en/study-with-us/subjects/subjects/languages.jpg]
[www.aber.ac.uk/en/study-with-us/subjects/modern-languages/index.html]
[www.aber.ac.uk/en/study-with-us/subjects/subjects/nursing.jpg]
[www.aber.ac.uk/en/study-with-us/subjects/subjects/physics.jpg]
[www.aber.ac.uk/en/study-with-us/subjects/physics/index.html]
[www.aber.ac.uk/en/study-with-us/subjects/subjects/politics.jpg]
[www.aber.ac.uk/en/study-with-us/subjects/politics/index.html]
[www.aber.ac.uk/en/study-with-us/subjects/subjects/Psychology.jpg]
[www.aber.ac.uk/en/study-with-us/subjects/psychology/index.html]
[www.aber.ac.uk/en/study-with-us/subjects/subjects/sociology.jpg]
[www.aber.ac.uk/en/study-with-us/subjects/sociology/index.html]
[www.aber.ac.uk/en/study-with-us/subjects/subjects/Sports.jpg]
[www.aber.ac.uk/en/study-with-us/subjects/sports-science/index.html]
[www.aber.ac.uk/en/study-with-us/subjects/subjects/Vet.jpg]
[www.aber.ac.uk/en/study-with-us/subjects/vet/index.html]
[www.aber.ac.uk/en/study-with-us/subjects/subjects/Welsh.jpg]
[www.aber.ac.uk/en/study-with-us/subjects/index730d.html]
[www.aber.ac.uk/en/study-with-us/subjects/welsh/index.html]
[www.aber.ac.uk/en/study-with-us/ug-studies/image-menu/lll.jpg]
[www.aber.ac.uk/en/study-with-us/ug-studies/hub/index.html]
[www.aber.ac.uk/en/study-with-us/ug-studies/image-menu/clearinghubfaqs.jpg]
[www.aber.ac.uk/en/study-with-us/ug-studies/study-options/index.html]
[www.aber.ac.uk/en/study-with-us/ug-studies/image-menu/cyngorastudio.jpg]
[www.aber.ac.uk/en/study-with-us/ug-studies/study-advice/index.html]
[www.aber.ac.uk/en/study-with-us/ug-studies/image-menu/scholarships.jpg]
[www.aber.ac.uk/en/study-with-us/ug-studies/image-menu/fees.jpg]
[www.aber.ac.uk/en/study-with-us/fees/undergrad/index.html]
[www.aber.ac.uk/en/study-with-us/ug-studies/image-menu/Wales-tile.jpg]
[www.aber.ac.uk/en/study-with-us/ug-studies/image-menu/Ffermtile1.jpg]
[www.aber.ac.uk/en/study-with-us/ug-studies/image-menu/lifeoncampus.jpg]
[www.aber.ac.uk/en/study-with-us/ug-studies/index730d.html]
[www.aber.ac.uk/en/study-with-us/ug-studies/hub/Aber-Hub-v.1.jpg]
[eu.libraryh3lp.com/js/libraryh3lpe9c2.js]
[www.aber.ac.uk/en/study-with-us/ug-studies/hub/index730d.html]
[www.aber.ac.uk/en/study-with-us/ug-studies/hub/aberflix/index.html]
[www.aber.ac.uk/en/study-with-us/ug-studies/hub/making-the-most/index.html]
[www.aber.ac.uk/en/study-with-us/ug-studies/videos/index.html]
[www.aber.ac.uk/en/study-with-us/ug-studies/live-chat/index.html]
[www.aber.ac.uk/en/study-with-us/ug-studies/hub/before-during-beyond/index.html]
[www.aber.ac.uk/en/study-with-us/ug-studies/terms-conditions/index.html]
[www.aber.ac.uk/en/study-with-us/ug-studies/hub/atasteof/index.html]
[www.aber.ac.uk/en/study-with-us/ug-studies/hub/aberystwyth-climate/index.html]
[www.aber.ac.uk/en/study-with-us/ug-studies/hub/online-course/index.html]
[www.aber.ac.uk/en/study-with-us/pg-studies/image-menu/pgoptions.jpg]
[www.aber.ac.uk/en/study-with-us/ug-studies/hub/sacu/index.html]
[www.aber.ac.uk/en/study-with-us/ug-studies/study-advice/before-you-apply/index.html]
[www.aber.ac.uk/en/study-with-us/ug-studies/study-advice/during-your-application/index.html]
[www.aber.ac.uk/en/study-with-us/pg-studies/image-menu/fees.jpg]
[www.aber.ac.uk/en/study-with-us/ug-studies/study-advice/getting-ready/index.html]
[www.aber.ac.uk/en/study-with-us/pg-studies/image-menu/scholarships.jpg]
[www.aber.ac.uk/en/study-with-us/ug-studies/hub/parentswebinar/index.html]
[www.aber.ac.uk/en/study-with-us/pg-studies/image-menu/application.jpg]
[www.aber.ac.uk/en/study-with-us/ug-studies/hub/drop-in-lessons/index.html]
[www.aber.ac.uk/en/studentservices/index.html]
[www.aber.ac.uk/en/study-with-us/pg-studies/image-menu/gradschooltile.jpg]
[www.aber.ac.uk/en/study-with-us/ug-studies/hub/youtuberesources/index.html]
[www.aber.ac.uk/en/study-with-us/pg-studies/image-menu/Ffermtile1.jpg]
[www.aber.ac.uk/en/study-with-us/pg-studies/index730d.html]
[www.aber.ac.uk/en/study-with-us/ug-studies/hub/subject-snapshots/index.html]
[www.aber.ac.uk/en/study-with-us/open-days/index730d.html]
[www.aber.ac.uk/en/study-with-us/ug-studies/hub/coleg-cymraeg/index.html]
[www.aber.ac.uk/en/study-with-us/ug-studies/hub/parents-guardians/index.html]
[www.aber.ac.uk/en/study-with-us/ug-studies/hub/bsw/index.html]
[www.aber.ac.uk/en/study-with-us/ug-studies/hub/student-room/index.html]
[www.aber.ac.uk/en/study-with-us/ug-studies/hub/live-chat/index.html]
[www.aber.ac.uk/en/study-with-us/fees/Fees-and-finance.jpg]
[www.aber.ac.uk/en/study-with-us/ug-studies/hub/politics-webinars/index.html]
[www.aber.ac.uk/en/study-with-us/ug-studies/hub/welshwebinars/index.html]
[www.aber.ac.uk/en/study-with-us/ug-studies/hub/guidetohe/index.html]
[www.aber.ac.uk/en/study-with-us/ug-studies/hub/veterinarysciencewebinars/index.html]
[www.aber.ac.uk/en/study-with-us/fees/image-menu/ugfees.jpg]
[www.aber.ac.uk/en/study-with-us/ug-studies/hub/virtualcampustour/index.html]
[www.aber.ac.uk/en/study-with-us/fees/image-menu/pgstudentfees.jpg]
[www.aber.ac.uk/en/study-with-us/ug-studies/hub/admissionstutorwebinars/index.html]
[www.aber.ac.uk/en/study-with-us/ug-studies/hub/thechallengesof2030/index.html]
[www.aber.ac.uk/en/study-with-us/ug-studies/hub/careers-webinars/index.html]
[www.aber.ac.uk/en/study-with-us/fees/image-menu/currentstudents.jpg]
[www.aber.ac.uk/en/study-with-us/fees/index730d.html]
[www.aber.ac.uk/en/study-with-us/ug-studies/hub/studentinsight/index.html]
[www.aber.ac.uk/en/study-with-us/pg-studies/study-options/index.html]
[www.aber.ac.uk/en/media/departmental/studywithus/MicrosoftTeams-image-(1).png]
[www.aber.ac.uk/en/study-with-us/fees/postgrad/index.html]
[www.aber.ac.uk/formbuilder-assets/js/jquery.formvalues.js]
[www.aber.ac.uk/en/study-with-us/pg-studies/apply/index.html]
[www.aber.ac.uk/en/study-with-us/pg-studies/scholarships/index.html]
[www.aber.ac.uk/formbuilder-assets/js/jquery.dform/dist/jquery.validate.js]
[www.aber.ac.uk/en/study-with-us/pg-studies/grad-school/index.html]
[www.aber.ac.uk/en/study-with-us/pg-studies/careers-employability/index.html]
[www.aber.ac.uk/formbuilder-assets/js/jquery.dform/dist/jquery.dform-1.1.0.js]
[www.aber.ac.uk/en/study-with-us/pg-studies/faqs/index.html]
[www.aber.ac.uk/en/study-with-us/pg-studies/terms-conditions/index.html]
[www.aber.ac.uk/formbuilder-assets/js/form_rules.js]
[www.aber.ac.uk/en/study-with-us/open-days/register-your-interest/index.html]
[www.aber.ac.uk/formbuilder-assets/js/formbuilder.js]
[www.aber.ac.uk/en/study-with-us/open-days/booking-nov/index.html]
[www.aber.ac.uk/en/study-with-us/open-days/aberystwyth-open-day/index.html]
[www.aber.ac.uk/en/study-with-us/fees/student-fees/index.html]
[www.aber.ac.uk/en/media/pdfmedia/publications/departments/UG-departmental-brochure-2022---Art-EN-May-2022---web.pdf]
[www.aber.ac.uk/en/media/pdfmedia/publications/departments/UG-departmental-brochure-2022-CD---Agriculture-EN---web.pdf]
[www.aber.ac.uk/en/media/pdfmedia/publications/departments/UG-departmental-brochure-2022---Business-EN---web.pdf]
[www.aber.ac.uk/en/media/pdfmedia/publications/departments/UG-departmental-brochure-2022-CD---Biological-Sciences-EN---web.pdf]
[www.aber.ac.uk/en/media/pdfmedia/publications/departments/UG-departmental-brochure-2022---Comp-Sci-EN---web.pdf]
[www.aber.ac.uk/en/media/pdfmedia/publications/departments/UG-departmental-brochure-2022-CD---Ecological-Sciences-EN---web.pdf]
[www.aber.ac.uk/en/media/pdfmedia/publications/departments/UG-departmental-brochure-2022---Education-EN-May-2022---web.pdf]
[www.aber.ac.uk/en/media/pdfmedia/publications/departments/UG-departmental-brochure-2022---English-EN-May-2022---web.pdf]
[www.aber.ac.uk/en/media/pdfmedia/publications/departments/UG-departmental-brochure-2022-CD-edits---Geography-and-Sociology-EN---web.pdf]
[www.aber.ac.uk/en/media/pdfmedia/publications/departments/UG-departmental-brochure-2022---History-EN-Web.pdf]
[www.aber.ac.uk/en/media/pdfmedia/publications/departments/UG-departmental-brochure-2022---Law-and-Criminology-EN-May---web.pdf]
[www.aber.ac.uk/en/media/pdfmedia/publications/departments/UG-departmental-brochure-2022---Maths-EN---web.pdf]
[www.aber.ac.uk/en/media/pdfmedia/publications/departments/UG-departmental-brochure-2021---Modern-languages-EN-May-2022---WEB.pdf]
[www.aber.ac.uk/en/media/pdfmedia/publications/departments/ADAMN-EN.pdf]
[www.aber.ac.uk/en/media/pdfmedia/publications/departments/UG-departmental-brochure-2022---Physics-EN---web.pdf]
[www.aber.ac.uk/en/media/pdfmedia/publications/departments/UG-departmental-brochure-2022---Interpol-EN-web.pdf]
[www.aber.ac.uk/en/media/pdfmedia/publications/departments/UG-departmental-brochure-2022---Psychology-EN---web.pdf]
[www.aber.ac.uk/en/media/pdfmedia/publications/departments/UG-departmental-brochure-2022---TFTS-EN---web.pdf]
[www.aber.ac.uk/en/media/pdfmedia/publications/departments/UG-departmental-brochure-2022---Vet-School-EN---web.pdf]
[www.aber.ac.uk/en/media/pdfmedia/publications/departments/UG-departmental-brochure-2022---Welsh-EN-May-2022---web.pdf]
[www.aber.ac.uk/en/media/pdfmedia/publications/departments/106036-PG-Departmental-Prospectus-IBERS-ENGLISH-NEW-v3.pdf]
[www.aber.ac.uk/en/media/pdfmedia/publications/departments/105934-PG-Departmental-Prospects-Business-ENGLISH-V5.pdf]
[www.aber.ac.uk/en/media/pdfmedia/publications/departments/106034-PG-Departmental-Prospectus-Computer-Science-ENGLISH-V5.pdf]
[www.aber.ac.uk/en/media/pdfmedia/publications/departments/ADY-EXEC-EN.pdf]
[www.aber.ac.uk/en/media/pdfmedia/publications/departments/105969-PG-Departmental-Prospectus-Geography-and-Earth-Sciences-ENGLISH-V5.pdf]
[www.aber.ac.uk/en/media/pdfmedia/publications/departments/106035-PG-Departmental-Prospectus-History-and-Welsh-History-ENGLISH-v3.pdf]
[www.aber.ac.uk/en/media/pdfmedia/publications/departments/ABD-3DGP-EN.pdf]
[www.aber.ac.uk/en/media/pdfmedia/publications/departments/UG-departmental-brochure-2022---Info-Studies-EN---web.pdf]
[www.aber.ac.uk/en/media/pdfmedia/publications/departments/106012-PG-Prospectus-Law-and-Criminology-ENGLISH-V4.pdf]
[www.aber.ac.uk/en/media/pdfmedia/publications/departments/106033-PG-Prospectus-International-Politics-ENGLISH-V2.pdf]
[www.aber.ac.uk/en/media/pdfmedia/publications/departments/ADY-PROF-EN.pdf]
[www.aber.ac.uk/en/media/pdfmedia/publications/departments/105970-PG-Departmental-Prospectus-TFTS-ENGLISH-V3.pdf]
[www.aber.ac.uk/en/media/pdfmedia/publications/109891-Accommodation-brochure-2022---EN-WEB-(1).pdf]
[www.aber.ac.uk/en/media/pdfmedia/publications/106701-Living-web.pdf]
[www.aber.ac.uk/en/media/pdfmedia/publications/Mini-Guide.pdf]
[www.aber.ac.uk/en/media/pdfmedia/publications/106726-Scholarship-Bro-2021-E-Web.pdf]
[www.aber.ac.uk/js2/aber/aupostcoder.js]
[www.aber.ac.uk/en/study-with-us/prospectus/index730d.html]
[www.aber.ac.uk/en/study-with-us/accommodation/Accom.jpg]
[www.aber.ac.uk/en/media/departmental/marketingandstudentrecruitment/Pastel-Yellow-Orange-Peach-Playful-Type--Billboard.268.delayed]
[www.aber.ac.uk/en/study-with-us/accommodation/image-menu/Accommodation-Options.jpg]
[www.aber.ac.uk/en/study-with-us/accommodation/accommodation-options/index.html]
[www.aber.ac.uk/en/study-with-us/accommodation/image-menu/Virtual-Tour.jpg]
[www.aber.ac.uk/en/accommodation/how-to-apply/priorities-policy/index.html]
[www.aber.ac.uk/en/study-with-us/accommodation/image-menu/accommodation-office.jpg]
[www.aber.ac.uk/en/study-with-us/accommodation/index730d.html]
[www.aber.ac.uk/en/accommodation/index.html]
[www.aber.ac.uk/en/accommodation/how-to-apply/index.html]
[www.aber.ac.uk/en/study-with-us/global-opportunities/hong-kong-1209806_640.jpg]
[www.aber.ac.uk/en/study-with-us/global-opportunities/index730d.html]
[www.aber.ac.uk/en/study-with-us/global-opportunities/study-at-aberystwyth/index.html]
[www.aber.ac.uk/en/study-with-us/global-opportunities/go-abroad/index.html]
[www.aber.ac.uk/en/study-with-us/global-opportunities/contact-us/index.html]
[www.aber.ac.uk/en/study-with-us/online-distance/onlinelearning.jpg]
[www.aber.ac.uk/en/study-with-us/online-distance/image-menu/lll.jpg]
[www.aber.ac.uk/en/cs/index.html]
[www.aber.ac.uk/en/tfts/index.html]
[www.aber.ac.uk/en/dis/courses/distance/index.html]
[www.aber.ac.uk/en/study-with-us/online-distance/image-menu/Welsh.jpg]
[www.aber.ac.uk/en/lac/index.html]
[www.aber.ac.uk/en/study-with-us/online-distance/image-menu/online.jpg]
[www.aber.ac.uk/en/study-with-us/online-distance/index730d.html]
[www.aber.ac.uk/en/life-sciences/study-with-us/ibers-dl/index.html]
[www.aber.ac.uk/en/lifelong-learning/index.html]
[www.aber.ac.uk/en/study-with-us/continuing-professional/cpdlanding.jpg]
[www.aber.ac.uk/en/study-with-us/continuing-professional/image-menu/business-tile.jpg]
[www.aber.ac.uk/en/study-with-us/continuing-professional/image-menu/Information-Studies.jpg]
[www.aber.ac.uk/en/study-with-us/continuing-professional/index730d.html]
[www.aber.ac.uk/en/dis/courses/short-courses/index.html]
[www.aber.ac.uk/en/study-with-us/mba/iStock-944060494.jpg]
[www.aber.ac.uk/en/study-with-us/mba/image-menu/applynow.jpg]
[www.aber.ac.uk/en/study-with-us/mba/image-menu/business-tile.jpg]
[www.aber.ac.uk/en/study-with-us/mba/index730d.html]
[www.aber.ac.uk/en/abs/index.html]
[www.aber.ac.uk/en/lifelong-learning/column1/Magnifying-glass-imagenew(2).jpg]
[www.aber.ac.uk/en/lifelong-learning/column1/A&D-tile-sized.jpg]
[www.aber.ac.uk/en/lifelong-learning/courses/index.html]
[www.aber.ac.uk/en/lifelong-learning/column1/Ecology(1).jpg]
[www.aber.ac.uk/en/lifelong-learning/column1/Creative-Writing.jpg]
[www.aber.ac.uk/en/lifelong-learning/column2/Professional-Dev-image-sized.jpg]
[www.aber.ac.uk/en/lifelong-learning/column2/jill-dimond-OwC5qkRGL1Y-unsplash.jpg]
[www.aber.ac.uk/en/lifelong-learning/naturalhistory/index.html]
[www.aber.ac.uk/en/lifelong-learning/column2/Genealogy.jpg]
[www.aber.ac.uk/en/lifelong-learning/column2/Langs(1).jpg]
[www.aber.ac.uk/en/lifelong-learning/index730d.html]
[www.aber.ac.uk/en/virtual-tour/index730d.html]
[www.aber.ac.uk/en/lifelong-learning/freecourses/index.html]
[www.aber.ac.uk/img/yvm/yvm-meq-20-bg-2.png]
[www.aber.ac.uk/en/lifelong-learning/refunds/index.html]
[www.aber.ac.uk/en/lifelong-learning/levels/index.html]
[www.aber.ac.uk/en/lifelong-learning/latesubmission/index.html]
[www.aber.ac.uk/en/lifelong-learning/finance-support/index.html]
[www.aber.ac.uk/en/student/column1/your-sites.jpg]
[www.aber.ac.uk/en/student/column1/your-studies.jpg]
[www.aber.ac.uk/en/student/column1/myaber.jpg]
[www.aber.ac.uk/en/student/column2/help-advice.jpg]
[www.aber.ac.uk/en/student/column2/career.jpg]
[www.aber.ac.uk/en/student/column2/yvm-en.png]
[www.aber.ac.uk/en/student/column3/useful-links.jpg]
[www.aber.ac.uk/en/student/column3/keeping-informed.jpg]
[www.aber.ac.uk/en/student/column3/union.jpg]
[www.aber.ac.uk/en/student/column3/abercard2017tile.jpg]
[www.aber.ac.uk/img/social-media/facebook43.png]
[www.aber.ac.uk/img/social-media/twitter43.png]
[www.aber.ac.uk/img/social-media/instagram43.png]
[www.aber.ac.uk/en/student/index730d.html]
[www.aber.ac.uk/en/study-with-us/international/862-recruitment-VSJ_8972_58678.jpg]
[www.aber.ac.uk/en/academic-registry/students/ug-issues/index.html]
[www.aber.ac.uk/en/academic-registry/students/pg-issues/index.html]
[www.aber.ac.uk/en/student/small-print/index.html]
[www.aber.ac.uk/en/study-with-us/international/video-slider/this-is-your-place,-460x258.jpg]
[www.aber.ac.uk/en/study-with-us/international/video-slider/IAA---Resized.jpg]
[www.aber.ac.uk/en/study-with-us/international/video-slider/University04_62195.jpg]
[www.aber.ac.uk/en/study-with-us/international/index730d.html]
[www.aber.ac.uk/en/study-with-us/international/how-to-apply/index730d.html]
[www.aber.ac.uk/en/study-with-us/international/countries/Your-Country,-Hero,-1140x585.jpg]
[www.aber.ac.uk/en/study-with-us/international/countries/index730d.html]
[www.aber.ac.uk/en/study-with-us/international/contact-us/enquiry/index.html]
[www.aber.ac.uk/en/studentservices/visasupport/index.html]
[www.aber.ac.uk/en/study-with-us/international/how-to-apply/index.html]
[www.aber.ac.uk/en/study-with-us/international/fees-scholarships/Enquiry,-Hero,-1140x585.jpg]
[www.aber.ac.uk/en/study-with-us/international/fees-scholarships/index730d.html]
[www.aber.ac.uk/en/study-with-us/international/fees-scholarships/index.html]
[www.aber.ac.uk/en/study-with-us/international/countries/index.html]
[www.aber.ac.uk/en/study-with-us/international/english-requirements/index.html]
[www.aber.ac.uk/en/study-with-us/international/arrival/index.html]
[www.aber.ac.uk/en/study-with-us/international/english-requirements/862-recruitment-VSJ_9048-Edit_58697.jpg]
[www.aber.ac.uk/en/study-with-us/international/english-requirements/index730d.html]
[www.aber.ac.uk/en/study-with-us/ug-studies/study-advice/during-your-application/step-by-step-guide/index.html]
[www.aber.ac.uk/en/sscs/visa-support-advice/index730d.html]
[www.aber.ac.uk/en/study-with-us/international/countries/algeria/index.html]
[www.aber.ac.uk/en/research/index730d.html]
[www.aber.ac.uk/en/study-with-us/international/countries/cameroon/index.html]
[www.aber.ac.uk/en/study-with-us/international/countries/egypt/index.html]
[www.aber.ac.uk/en/expertise/index730d.html]
[www.aber.ac.uk/en/study-with-us/international/international-foundation-pre-masters--pathways/index.html]
[www.aber.ac.uk/en/study-with-us/international/contact-us/index.html]
[www.aber.ac.uk/en/rbi/staff-students/index730d.html]
[www.aber.ac.uk/en/study-with-us/ug-studies/study-advice/during-your-application/step-by-step-guide/apply-directly/index.html]
[www.aber.ac.uk/en/study-with-us/international/countries/gambia/index.html]
[www.aber.ac.uk/en/study-with-us/international/countries/we-gh/index.html]
[www.aber.ac.uk/en/study-with-us/international/countries/ethiopia/index.html]
[www.aber.ac.uk/en/study-with-us/international/countries/kenya/index.html]
[www.aber.ac.uk/en/study-with-us/international/countries/malawi/index.html]
[www.aber.ac.uk/en/rbi/business/image-menu/Tech-Licensing-to-Business.jpg]
[www.aber.ac.uk/en/study-with-us/international/countries/morocco/index.html]
[www.aber.ac.uk/en/rbi/business/image-menu/Tech-Licensing-to-Business-1.jpg]
[www.aber.ac.uk/en/study-with-us/international/countries/we-ni/index.html]
[www.aber.ac.uk/en/study-with-us/international/countries/seychelles/index.html]
[www.aber.ac.uk/en/rbi/business/image-menu/Equipment,.png]
[www.aber.ac.uk/en/study-with-us/international/countries/welcome-southafrica/index.html]
[www.aber.ac.uk/en/rbi/business/image-menu/Consultancy-Services.jpg]
[www.aber.ac.uk/en/study-with-us/international/countries/tanzania/index.html]
[www.aber.ac.uk/en/study-with-us/international/countries/uganda/index.html]
[www.aber.ac.uk/en/rbi/business/image-menu/Contract-and-Collaborative-Research.png]
[www.aber.ac.uk/en/study-with-us/international/countries/zambia/index.html]
[www.aber.ac.uk/en/rbi/business/image-menu/Directory-of-expertise2-(1).png]
[www.aber.ac.uk/en/rbi/business/index730d.html]
[www.aber.ac.uk/en/study-with-us/international/countries/welcome-zimbabwe/index.html]
[www.aber.ac.uk/en/study-with-us/international/countries/argentina/index.html]
[www.aber.ac.uk/en/study-with-us/international/countries/bahamas/index.html]
[www.aber.ac.uk/en/study-with-us/international/countries/bolivia/index.html]
[www.aber.ac.uk/en/study-with-us/international/countries/welcome-br/index.html]
[www.aber.ac.uk/en/news/topstory/Pearl-Millet-1-web-300x170.jpg]
[www.aber.ac.uk/en/study-with-us/international/countries/welcome-ca/index.html]
[www.aber.ac.uk/en/news/topstory/Dr-Thomas-Alcottweb-300x199.jpg]
[www.aber.ac.uk/en/study-with-us/international/countries/welcome-chile/index.html]
[www.aber.ac.uk/en/study-with-us/international/countries/colombia/index.html]
[www.aber.ac.uk/en/news/topstory/Emma-Anscombe-Skirrow-ebost-300x199.png]
[www.aber.ac.uk/en/study-with-us/international/countries/ecuador/index.html]
[www.aber.ac.uk/en/study-with-us/international/countries/jamaica/index.html]
[www.aber.ac.uk/en/news/topstory/AU30922-300x244.jpg]
[www.aber.ac.uk/en/study-with-us/international/countries/mexico/index.html]
[www.aber.ac.uk/en/study-with-us/international/countries/peru/index.html]
[www.aber.ac.uk/en/news/archive/2022/11/title-259601-en.html]
[www.aber.ac.uk/en/study-with-us/international/countries/trinidad-tobago/index.html]
[www.aber.ac.uk/en/study-with-us/international/countries/welcome-usa/index.html]
[www.aber.ac.uk/en/study-with-us/international/countries/welcome-armenia/index.html]
[www.aber.ac.uk/en/news/topstory/FoR-FB-post-navy-300x251.png]
[www.aber.ac.uk/en/study-with-us/international/countries/we-az/index.html]
[www.aber.ac.uk/en/news/archive/2022/11/title-259597-en.html]
[www.aber.ac.uk/en/study-with-us/international/countries/belarus/index.html]
[www.aber.ac.uk/en/study-with-us/international/countries/welcome-kz/index.html]
[www.aber.ac.uk/en/news/topstory/Llun-AU29122-300x200.jpg]
[www.aber.ac.uk/en/study-with-us/international/countries/welcome-ru/index.html]
[www.aber.ac.uk/en/study-with-us/international/countries/china/index.html]
[www.aber.ac.uk/en/news/archive/2022/11/title-259575-en.html]
[www.aber.ac.uk/en/study-with-us/international/countries/welcome-hongkongsar/index.html]
[www.aber.ac.uk/en/news/topstory/prifysgol-aberystwyth-university-gogerddan-campus-aerial-300x225.jpg]
[www.aber.ac.uk/en/study-with-us/international/countries/welcome-ja/index.html]
[www.aber.ac.uk/en/study-with-us/international/countries/mongolia/index.html]
[www.aber.ac.uk/en/news/archive/2022/11/title-259572-en.html]
[www.aber.ac.uk/en/study-with-us/international/countries/welcome-southkorea/index.html]
[www.aber.ac.uk/en/study-with-us/international/countries/taiwan/index.html]
[www.aber.ac.uk/en/news/topstory/PB260705-website-300x225.jpg]
[www.aber.ac.uk/en/study-with-us/international/countries/eu-information/austria/index.html]
[www.aber.ac.uk/en/study-with-us/international/countries/eu-information/belgium/index.html]
[www.aber.ac.uk/en/news/archive/2022/11/title-259568-en.html]
[www.aber.ac.uk/en/study-with-us/international/countries/eu-information/bulgaria/index.html]
[www.aber.ac.uk/en/study-with-us/international/countries/eu-information/croatia/index.html]
[www.aber.ac.uk/en/news/topstory/Delwedd-ar-gyfer-y-we-300x137.jpg]
[www.aber.ac.uk/en/study-with-us/international/countries/eu-information/cyprus/index.html]
[www.aber.ac.uk/en/study-with-us/international/countries/eu-information/czech-republic/index.html]
[www.aber.ac.uk/en/news/archive/2022/11/title-259554-en.html]
[www.aber.ac.uk/en/study-with-us/international/countries/eu-information/denmark/index.html]
[www.aber.ac.uk/en/news/topstory/Refugee-girls-on-Aberystwyth-Promenade---copyright-Brian-Pinsent-300x228.jpg]
[www.aber.ac.uk/en/study-with-us/international/countries/eu-information/estonia/index.html]
[www.aber.ac.uk/en/study-with-us/international/countries/eu-information/finland/index.html]
[www.aber.ac.uk/en/news/archive/2022/10/title-259489-en.html]
[www.aber.ac.uk/en/study-with-us/international/countries/eu-information/france/index.html]
[www.aber.ac.uk/en/news/topstory/Dracula1-300x230.png]
[www.aber.ac.uk/en/study-with-us/international/countries/we-ga/index.html]
[www.aber.ac.uk/en/study-with-us/international/countries/eu-information/germany/index.html]
[www.aber.ac.uk/en/news/archive/2022/10/title-259472-en.html]
[www.aber.ac.uk/en/study-with-us/international/countries/eu-information/greece/index.html]
[www.aber.ac.uk/en/study-with-us/international/countries/eu-information/hungary/index.html]
[www.aber.ac.uk/en/news/topstory/Yr-Athro-Professor-Mererid-Hopwood-300x319.jpg]
[www.aber.ac.uk/en/study-with-us/international/countries/eu-information/ireland/index.html]
[www.aber.ac.uk/en/study-with-us/international/countries/eu-information/italy/index.html]
[www.aber.ac.uk/en/news/archive/2022/10/title-259470-en.html]
[www.aber.ac.uk/en/study-with-us/international/countries/eu-information/latvia/index.html]
[www.aber.ac.uk/en/study-with-us/international/countries/eu-information/lithuania/index.html]
[www.aber.ac.uk/en/study-with-us/international/countries/eu-information/luxembourg/index.html]
[www.aber.ac.uk/en/news/topstory/Artman-300x205.jpg]
[www.aber.ac.uk/en/study-with-us/international/countries/eu-information/malta/index.html]
[www.aber.ac.uk/en/study-with-us/international/countries/eu-information/netherlands/index.html]
[www.aber.ac.uk/en/study-with-us/international/countries/welcome-no/index.html]
[www.aber.ac.uk/en/news/archive/2022/10/title-259459-en.html]
[www.aber.ac.uk/en/study-with-us/international/countries/eu-information/poland/index.html]
[www.aber.ac.uk/en/study-with-us/international/countries/eu-information/portugal/index.html]
[www.aber.ac.uk/en/news/topstory/Luke-Blaidd-web-300x165.jpg]
[www.aber.ac.uk/en/study-with-us/international/countries/eu-information/romania/index.html]
[www.aber.ac.uk/en/study-with-us/international/countries/eu-information/slovakia/index.html]
[www.aber.ac.uk/en/news/archive/2022/10/title-259424-en.html]
[www.aber.ac.uk/en/study-with-us/international/countries/eu-information/slovenia/index.html]
[www.aber.ac.uk/en/study-with-us/international/countries/eu-information/spain/index.html]
[www.aber.ac.uk/en/study-with-us/international/countries/eu-information/sweden/index.html]
[www.aber.ac.uk/en/news/topstory/Professor-Christianne-Glossop-300x176.jpg]
[www.aber.ac.uk/en/study-with-us/international/countries/eu-information/switzerland/index.html]
[www.aber.ac.uk/en/news/archive/2022/10/title-259364-en.html]
[www.aber.ac.uk/en/study-with-us/international/countries/welcome-ukraine/index.html]
[www.aber.ac.uk/en/study-with-us/international/countries/welcome-bahrain/index.html]
[www.aber.ac.uk/en/news/topstory/Riot-police-blocking-the-road-300x200.jpg]
[www.aber.ac.uk/en/study-with-us/international/countries/iran/index.html]
[www.aber.ac.uk/en/news/archive/2022/10/title-259353-en.html]
[www.aber.ac.uk/en/study-with-us/international/countries/iraq/index.html]
[www.aber.ac.uk/en/news/topstory/Gwyddonwyr-Bwydydd-y-Dyfodol-300x199.jpg]
[www.aber.ac.uk/en/study-with-us/international/countries/jordan/index.html]
[www.aber.ac.uk/en/study-with-us/international/countries/kuwait/index.html]
[www.aber.ac.uk/en/news/archive/2022/10/title-259343-en.html]
[www.aber.ac.uk/en/study-with-us/international/countries/lebanon/index.html]
[www.aber.ac.uk/en/study-with-us/international/countries/welcome-oman/index.html]
[www.aber.ac.uk/en/news/topstory/Kathy-Biggs-The-Luck---collage-300x206.jpg]
[www.aber.ac.uk/en/news/index730d.html]
[www.aber.ac.uk/en/study-with-us/international/countries/welcome-qatar/index.html]
[www.aber.ac.uk/en/study-with-us/international/countries/welcome-saudi/index.html]
[www.aber.ac.uk/en/study-with-us/international/countries/turkey/index.html]
[www.aber.ac.uk/en/study-with-us/international/countries/welcome-unitedarabemirates/index.html]
[www.aber.ac.uk/en/study-with-us/international/countries/australia/index.html]
[www.aber.ac.uk/en/news/archive/name-94484-en.html]
[www.aber.ac.uk/en/study-with-us/international/countries/bangladesh/index.html]
[www.aber.ac.uk/en/study-with-us/international/countries/new-zealand/index.html]
[www.aber.ac.uk/en/study-with-us/international/countries/welcome-in/index.html]
[www.aber.ac.uk/en/news/archive/name-111027-en.html]
[www.aber.ac.uk/en/study-with-us/international/countries/nepal/index.html]
[www.aber.ac.uk/en/study-with-us/international/countries/welcome-pakistan/index.html]
[www.aber.ac.uk/en/study-with-us/international/countries/sri-lanka/index.html]
[www.aber.ac.uk/en/study-with-us/international/countries/welcome-brunei/index.html]
[www.aber.ac.uk/en/news/archive/name-124915-en.html]
[www.aber.ac.uk/en/study-with-us/international/countries/welcome-indonesia/index.html]
[www.aber.ac.uk/en/study-with-us/international/countries/malaysia/index.html]
[www.aber.ac.uk/en/news/archive/name-144732-en.html]
[www.aber.ac.uk/en/study-with-us/international/countries/philippines/index.html]
[www.aber.ac.uk/en/study-with-us/international/countries/welcome-singapore/index.html]
[www.aber.ac.uk/en/news/archive/name-161399-en.html]
[www.aber.ac.uk/en/study-with-us/international/countries/we-thai/index.html]
[www.aber.ac.uk/en/study-with-us/international/countries/vietnam/index.html]
[www.aber.ac.uk/en/news/archive/name-177678-en.html]
[www.aber.ac.uk/en/study-with-us/global-opportunities/go-abroad/industrial-year-abroad/index.html]
[www.aber.ac.uk/en/news/archive/name-195738-en.html]
[www.aber.ac.uk/en/study-with-us/fees/student-fees/how-to-pay/index.html]
[www.aber.ac.uk/en/news/archive/name-209042-en.html]
[www.aber.ac.uk/en/study-with-us/accommodation/accommodation-options/cwrt-mawr-1/index.html]
[www.aber.ac.uk/en/study-with-us/accommodation/accommodation-options/cwrt-mawr-2/index.html]
[www.aber.ac.uk/en/news/archive/name-221205-en.html]
[www.aber.ac.uk/en/study-with-us/accommodation/accommodation-options/trefloyne/index.html]
[www.aber.ac.uk/en/news/archive/name-228147-en.html]
[www.aber.ac.uk/en/study-with-us/accommodation/accommodation-options/pentre-jane-morgan/index.html]
[www.aber.ac.uk/en/study-with-us/accommodation/accommodation-options/rosser/index.html]
[www.aber.ac.uk/en/news/archive/name-239468-en.html]
[www.aber.ac.uk/en/study-with-us/accommodation/accommodation-options/rosser-g/index.html]
[www.aber.ac.uk/en/study-with-us/accommodation/accommodation-options/fferm-penglais/index.html]
[www.aber.ac.uk/en/news/archive/name-249379-en.html]
[www.aber.ac.uk/en/news/archive/index730d.html]
[www.aber.ac.uk/en/study-with-us/accommodation/accommodation-options/fferm-penglais-studio/index.html]
[www.aber.ac.uk/en/accommodation/current-students/living-residences/transfers/index.html]
[www.aber.ac.uk/en/study-with-us/international/fees-scholarships/international-family-award/index.html]
[www.aber.ac.uk/en/study-with-us/international/fees-scholarships/caru-aber-international-award/index.html]
[www.aber.ac.uk/en/study-with-us/scholarships-bursaries/sanctuary-scholarship/index.html]
[www.aber.ac.uk/en/study-with-us/accommodation/accommodation-options/compare/index.html]
[www.aber.ac.uk/en/accommodation/current-students/living-residences/insurance/index.html]
[www.aber.ac.uk/en/international-english/index.html]
[www.aber.ac.uk/en/international-english/courses/ipp/ifp/index.html]
[www.aber.ac.uk/slider-files/files/large/SD13/81/New-Life-for-Old-College-slider.jpg]
[www.aber.ac.uk/en/international-english/courses/ipp/te/index.html]
[www.aber.ac.uk/en/international-english/courses/ipp/pm/index.html]
[www.aber.ac.uk/en/study-with-us/international/english-requirements/ug-english-requirements/index.html]
[www.aber.ac.uk/slider-files/files/large/SD13/81/Aber-Fund-slider.jpg]
[www.aber.ac.uk/en/study-with-us/international/english-requirements/pg-english-requirements/index.html]
[www.aber.ac.uk/en/development/column1/Keep-in-touch-tile.jpg]
[www.aber.ac.uk/en/studentservices/visasupport/index730d.html]
[www.aber.ac.uk/en/rbi/research/aber-research/index730d.html]
[www.aber.ac.uk/en/development/column1/News-and-Events-tile.jpg]
[www.aber.ac.uk/en/news/communications-and-public-affairs/index.html]
[www.aber.ac.uk/en/development/column1/Alumni-profiles-tile.jpg]
[www.aber.ac.uk/en/rbi/index.html]
[www.aber.ac.uk/en/development/column2/Support-Aber-Tile.jpg]
[www.aber.ac.uk/en/rbi/business/technology/index.html]
[www.aber.ac.uk/en/development/column2/Alumni-services-tile.jpg]
[www.aber.ac.uk/en/rbi/research/aber-research/equipment/index.html]
[www.aber.ac.uk/en/development/column2/International-Alumni-Tile.jpg]
[www.aber.ac.uk/en/rbi/business/consultancy-and-analytical-services/index.html]
[www.aber.ac.uk/en/rbi/business/contract-and-collaborative-research/index.html]
[www.aber.ac.uk/en/expertise/index.html]
[www.aber.ac.uk/en/rbi/research/index.html]
[www.aber.ac.uk/img/social-media/linkedin43.png]
[www.aber.ac.uk/en/rbi/business/initiatives/index.html]
[www.aber.ac.uk/en/development/column3/donate.png]
[www.aber.ac.uk/en/development/index730d.html]
[www.aber.ac.uk/en/rbi/innovation/index.html]
[www.aber.ac.uk/en/rbi/strategies-and-policies/index.html]
[www.aber.ac.uk/en/development/alumni/donate.png]
[www.aber.ac.uk/en/development/alumni/index730d.html]
[www.aber.ac.uk/en/rbi/events/index.html]
[www.aber.ac.uk/en/development/support/58455v2.jpg]
[www.aber.ac.uk/en/news/index.html]
[www.aber.ac.uk/en/rbi/about/index.html]
[www.aber.ac.uk/en/news/archive/index.html]
[www.aber.ac.uk/en/news/aber-news/index.html]
[www.aber.ac.uk/en/development/support/image-menu/Student_Opportunities_1.jpg]
[www.aber.ac.uk/en/news/archive/2011/01/index.html]
[www.aber.ac.uk/en/development/support/image-menu/Ways_to_make_a_Gift_2.jpg]
[www.aber.ac.uk/en/news/archive/2011/02/index.html]
[www.aber.ac.uk/en/news/archive/2011/03/index.html]
[www.aber.ac.uk/en/development/support/image-menu/ViceChancellor.jpg]
[www.aber.ac.uk/en/news/archive/2011/04/index.html]
[www.aber.ac.uk/en/development/support/image-menu/Thank_You_1.jpg]
[www.aber.ac.uk/en/news/archive/2011/05/index.html]
[www.aber.ac.uk/en/development/support/image-menu/Leave_the_Ultimate_Gift_1.jpg]
[www.aber.ac.uk/en/news/archive/2011/06/index.html]
[www.aber.ac.uk/en/news/archive/2011/07/index.html]
[www.aber.ac.uk/en/development/support/image-menu/Fundraising_promise_and_policies_1.jpg]
[www.aber.ac.uk/en/news/archive/2011/08/index.html]
[www.aber.ac.uk/en/development/support/donate.png]
[www.aber.ac.uk/en/development/support/index730d.html]
[www.aber.ac.uk/en/development/alumni/update/index730d.html]
[www.aber.ac.uk/en/news/archive/2011/09/index.html]
[www.aber.ac.uk/en/news/archive/2011/10/index.html]
[www.aber.ac.uk/en/news/archive/2011/11/index.html]
[www.aber.ac.uk/en/news/archive/2011/12/index.html]
[www.aber.ac.uk/en/news/archive/2012/01/index.html]
[www.aber.ac.uk/en/media/departmental/daro/Aber-from-sea.jpg]
[www.aber.ac.uk/en/news/archive/2012/02/index.html]
[www.aber.ac.uk/en/development/osa/donate.png]
[www.aber.ac.uk/en/development/osa/index730d.html]
[www.aber.ac.uk/en/news/archive/2012/03/index.html]
[www.aber.ac.uk/en/news/archive/2012/04/index.html]
[www.aber.ac.uk/en/news/archive/2012/06/index.html]
[www.aber.ac.uk/en/news/archive/2012/05/index.html]
[www.aber.ac.uk/en/news/archive/2012/07/index.html]
[www.aber.ac.uk/en/news/archive/2012/08/index.html]
[www.aber.ac.uk/en/news/archive/2012/09/index.html]
[www.aber.ac.uk/en/news/archive/2012/10/index.html]
[www.aber.ac.uk/en/discover-aberystwyth/discoveraber.jpg]
[www.aber.ac.uk/en/news/archive/2012/11/index.html]
[www.aber.ac.uk/en/discover-aberystwyth/image-menu/aboutabertile.jpg]
[www.aber.ac.uk/en/news/archive/2012/12/index.html]
[www.aber.ac.uk/en/news/archive/2013/01/index.html]
[www.aber.ac.uk/en/discover-aberystwyth/image-menu/artscentre.jpg]
[www.aber.ac.uk/en/news/archive/2013/02/index.html]
[www.aber.ac.uk/en/discover-aberystwyth/image-menu/life.jpg]
[www.aber.ac.uk/en/news/archive/2013/03/index.html]
[www.aber.ac.uk/en/news/archive/2013/04/index.html]
[www.aber.ac.uk/en/discover-aberystwyth/image-menu/conferences.jpg]
[www.aber.ac.uk/en/news/archive/2013/05/index.html]
[www.aber.ac.uk/en/discover-aberystwyth/image-menu/music.jpg]
[www.aber.ac.uk/en/news/archive/2013/06/index.html]
[www.aber.ac.uk/en/news/archive/2013/07/index.html]
[www.aber.ac.uk/en/discover-aberystwyth/image-menu/sports.jpg]
[www.aber.ac.uk/en/news/archive/2013/08/index.html]
[www.aber.ac.uk/en/discover-aberystwyth/image-menu/virtualtour.jpg]
[www.aber.ac.uk/en/discover-aberystwyth/index730d.html]
[www.aber.ac.uk/en/news/archive/2013/09/index.html]
[www.aber.ac.uk/en/news/archive/2013/10/index.html]
[www.aber.ac.uk/en/news/archive/2013/11/index.html]
[www.aber.ac.uk/en/visitors/DestinationAber-1.jpg]
[www.aber.ac.uk/en/news/archive/2013/12/index.html]
[www.aber.ac.uk/en/visitors/image-menu/40614-1.jpg]
[www.aber.ac.uk/en/news/archive/2014/01/index.html]
[www.aber.ac.uk/en/news/archive/2014/02/index.html]
[www.aber.ac.uk/en/visitors/image-menu/49040-1.jpg]
[www.aber.ac.uk/en/news/archive/2014/03/index.html]
[www.aber.ac.uk/en/visitors/image-menu/SchoolsAber.jpg]
[www.aber.ac.uk/en/news/archive/2014/04/index.html]
[www.aber.ac.uk/en/news/archive/2014/05/index.html]
[www.aber.ac.uk/en/visitors/image-menu/CroesoAber.jpg]
[www.aber.ac.uk/en/visitors/index730d.html]
[www.aber.ac.uk/en/news/archive/2014/07/index.html]
[www.aber.ac.uk/en/news/archive/2014/06/index.html]
[www.aber.ac.uk/en/news/archive/2014/08/index.html]
[www.aber.ac.uk/en/news/archive/2014/09/index.html]
[www.aber.ac.uk/en/discover-aberystwyth/life-on-campus/lifeoncampus.jpg]
[www.aber.ac.uk/en/news/archive/2014/10/index.html]
[www.aber.ac.uk/en/news/archive/2014/11/index.html]
[www.aber.ac.uk/en/news/archive/2014/12/index.html]
[www.aber.ac.uk/en/news/archive/2015/01/index.html]
[www.aber.ac.uk/en/discover-aberystwyth/life-on-campus/image-menu/Untitled-4.jpg]
[www.aber.ac.uk/en/news/archive/2015/02/index.html]
[www.aber.ac.uk/en/discover-aberystwyth/life-on-campus/image-menu/swim-2.jpg]
[www.aber.ac.uk/en/news/archive/2015/03/index.html]
[www.aber.ac.uk/en/news/archive/2015/04/index.html]
[www.aber.ac.uk/en/news/archive/2015/05/index.html]
[www.aber.ac.uk/en/discover-aberystwyth/life-on-campus/image-menu/NL-Book.jpg]
[www.aber.ac.uk/en/news/archive/2015/06/index.html]
[www.aber.ac.uk/en/discover-aberystwyth/life-on-campus/image-menu/food.jpg]
[www.aber.ac.uk/en/news/archive/2015/07/index.html]
[www.aber.ac.uk/en/news/archive/2015/08/index.html]
[www.aber.ac.uk/en/discover-aberystwyth/life-on-campus/image-menu/Untitled-7.jpg]
[www.aber.ac.uk/en/news/archive/2015/09/index.html]
[www.aber.ac.uk/en/discover-aberystwyth/life-on-campus/image-menu/Untitled-7-(1).jpg]
[www.aber.ac.uk/en/discover-aberystwyth/life-on-campus/index730d.html]
[www.aber.ac.uk/en/discover-aberystwyth/maps-travel/index730d.html]
[www.aber.ac.uk/en/news/archive/2015/10/index.html]
[www.aber.ac.uk/en/news/archive/2015/12/index.html]
[www.aber.ac.uk/en/news/archive/2015/11/index.html]
[www.aber.ac.uk/en/news/archive/2016/01/index.html]
[www.aber.ac.uk/en/news/archive/2016/02/index.html]
[www.aber.ac.uk/en/news/archive/2016/03/index.html]
[www.aber.ac.uk/en/news/archive/2016/04/index.html]
[www.aber.ac.uk/en/news/archive/2016/05/index.html]
[www.aber.ac.uk/slider-files/files/large/SD29/243/Sopranos-Music-Center.jpg]
[www.aber.ac.uk/en/news/archive/2016/06/index.html]
[www.aber.ac.uk/en/news/archive/2016/07/index.html]
[www.aber.ac.uk/en/news/archive/2016/08/index.html]
[www.aber.ac.uk/en/news/archive/2016/09/index.html]
[www.aber.ac.uk/slider-files/files/large/SD29/243/Music Centre.jpg]
[www.aber.ac.uk/en/news/archive/2016/10/index.html]
[www.aber.ac.uk/en/media/departmental/music/Music-Now!-leaflet-2019-20-FINAL.pdf]
[www.aber.ac.uk/en/news/archive/2016/11/index.html]
[www.aber.ac.uk/en/news/archive/2016/12/index.html]
[www.aber.ac.uk/en/news/archive/2017/01/index.html]
[www.aber.ac.uk/en/news/archive/2017/02/index.html]
[www.aber.ac.uk/en/news/archive/2017/03/index.html]
[www.aber.ac.uk/en/media/departmental/music/pdf/22085-Music-at-Aber-brochure-HDA-En-web.pdf]
[www.aber.ac.uk/en/news/archive/2017/04/index.html]
[www.aber.ac.uk/en/news/archive/2017/05/index.html]
[www.aber.ac.uk/en/music/column3/brochure.jpg]
[www.aber.ac.uk/en/music/index730d.html]
[www.aber.ac.uk/en/news/archive/2017/07/index.html]
[www.aber.ac.uk/en/news/archive/2017/06/index.html]
[www.aber.ac.uk/en/news/archive/2017/08/index.html]
[www.aber.ac.uk/en/news/archive/2017/09/index.html]
[www.aber.ac.uk/en/news/archive/2017/10/index.html]
[www.aber.ac.uk/en/news/archive/2017/11/index.html]
[www.aber.ac.uk/slider-files/files/large/SD32/47/slider3.jpg]
[www.aber.ac.uk/en/news/archive/2017/12/index.html]
[www.aber.ac.uk/en/news/archive/2018/01/index.html]
[www.aber.ac.uk/en/news/archive/2018/02/index.html]
[www.aber.ac.uk/en/news/archive/2018/03/index.html]
[www.aber.ac.uk/en/news/archive/2018/05/index.html]
[www.aber.ac.uk/en/news/archive/2018/04/index.html]
[www.aber.ac.uk/en/news/archive/2018/06/index.html]
[www.aber.ac.uk/slider-files/files/large/SD32/47/slider1.jpg]
[www.aber.ac.uk/en/news/archive/2018/07/index.html]
[www.aber.ac.uk/en/news/archive/2018/08/index.html]
[www.aber.ac.uk/en/news/archive/2018/10/index.html]
[www.aber.ac.uk/en/news/archive/2018/09/index.html]
[www.aber.ac.uk/en/news/archive/2018/11/index.html]
[www.aber.ac.uk/en/news/archive/2018/12/index.html]
[www.aber.ac.uk/en/news/archive/2019/01/index.html]
[www.aber.ac.uk/en/news/archive/2019/02/index.html]
[www.aber.ac.uk/slider-files/files/large/SD32/47/slider2.jpg]
[www.aber.ac.uk/en/news/archive/2019/03/index.html]
[www.aber.ac.uk/en/news/archive/2019/04/index.html]
[www.aber.ac.uk/en/news/archive/2019/05/index.html]
[www.aber.ac.uk/en/news/archive/2019/06/index.html]
[www.aber.ac.uk/slider-files/files/large/SD32/47/CLASSES2.jpg]
[www.aber.ac.uk/en/news/archive/2019/07/index.html]
[www.aber.ac.uk/en/news/archive/2019/08/index.html]
[www.aber.ac.uk/en/news/archive/2019/09/index.html]
[www.aber.ac.uk/en/news/archive/2019/10/index.html]
[www.aber.ac.uk/img/department-logo/sa-logo.png]
[www.aber.ac.uk/en/news/archive/2019/11/index.html]
[www.aber.ac.uk/en/sportscentre/column1/Gym-tile.jpg]
[www.aber.ac.uk/en/news/archive/2019/12/index.html]
[www.aber.ac.uk/en/news/archive/2020/01/index.html]
[www.aber.ac.uk/en/news/archive/2020/02/index.html]
[www.aber.ac.uk/en/sportscentre/column1/Swimming-Pool-and-sauna-tile.jpg]
[www.aber.ac.uk/en/news/archive/2020/03/index.html]
[www.aber.ac.uk/en/news/archive/2020/04/index.html]
[www.aber.ac.uk/en/sportscentre/column2/Our-classes.jpg]
[www.aber.ac.uk/en/news/archive/2020/05/index.html]
[www.aber.ac.uk/en/news/archive/2020/06/index.html]
[www.aber.ac.uk/en/news/archive/2020/07/index.html]
[www.aber.ac.uk/en/news/archive/2020/08/index.html]
[www.aber.ac.uk/en/news/archive/2020/09/index.html]
[www.aber.ac.uk/en/sportscentre/column2/Membership.jpg]
[www.aber.ac.uk/en/sportscentre/index730d.html]
[www.aber.ac.uk/en/news/archive/2020/10/index.html]
[www.aber.ac.uk/en/news/archive/2020/11/index.html]
[www.aber.ac.uk/en/news/archive/2020/12/index.html]
[www.aber.ac.uk/en/news/archive/2021/02/index.html]
[www.aber.ac.uk/en/news/archive/2021/01/index.html]
[www.aber.ac.uk/en/about-us/aboutus.jpg]
[www.aber.ac.uk/en/news/archive/2021/03/index.html]
[www.aber.ac.uk/en/news/archive/2021/04/index.html]
[www.aber.ac.uk/en/news/archive/2021/05/index.html]
[www.aber.ac.uk/en/about-us/about-us.jpg]
[www.aber.ac.uk/en/news/archive/2021/06/index.html]
[www.aber.ac.uk/en/news/archive/2021/07/index.html]
[www.aber.ac.uk/en/news/archive/2021/08/index.html]
[www.aber.ac.uk/en/about-us/research.jpg]
[www.aber.ac.uk/en/news/archive/2021/09/index.html]
[www.aber.ac.uk/en/news/archive/2021/10/index.html]
[www.aber.ac.uk/en/about-us/strategicplan.jpg]
[www.aber.ac.uk/en/news/archive/2021/11/index.html]
[www.aber.ac.uk/en/news/archive/2021/12/index.html]
[www.aber.ac.uk/en/about-us/ourhistory.jpg]
[www.aber.ac.uk/en/news/archive/2022/01/index.html]
[www.aber.ac.uk/en/about-us/150.jpg]
[www.aber.ac.uk/en/news/archive/2022/02/index.html]
[www.aber.ac.uk/en/news/archive/2022/03/index.html]
[www.aber.ac.uk/en/about-us/location.jpg]
[www.aber.ac.uk/en/news/archive/2022/05/index.html]
[www.aber.ac.uk/en/news/archive/2022/04/index.html]
[www.aber.ac.uk/en/about-us/job-ops.jpg]
[www.aber.ac.uk/en/news/archive/2022/06/index.html]
[www.aber.ac.uk/en/about-us/environment.jpg]
[www.aber.ac.uk/en/news/archive/2022/07/index.html]
[www.aber.ac.uk/en/about-us/index730d.html]
[www.aber.ac.uk/en/news/archive/2022/08/index.html]
[www.aber.ac.uk/en/news/archive/2022/09/index.html]
[www.aber.ac.uk/en/about-us/departments-faculties/index730d.html]
[www.aber.ac.uk/en/news/archive/2022/10/index.html]
[www.aber.ac.uk/en/news/archive/2022/11/index.html]
[www.aber.ac.uk/en/oldcollege/old-college/index.html]
[www.aber.ac.uk/en/oldcollege/index.html]
[www.aber.ac.uk/en/ccc/CCC-hero-image.jpg]
[www.aber.ac.uk/en/development/support/aon/index.html]
[www.aber.ac.uk/en/development/alumni/faqs/index.html]
[www.aber.ac.uk/en/development/newsandevents/index.html]
[www.aber.ac.uk/en/ccc/image-menu/Our-work-tile.jpg]
[www.aber.ac.uk/en/development/alumniprofiles/index.html]
[www.aber.ac.uk/en/ccc/image-menu/Welsh-Medium-Provision-Tile.jpg]
[www.aber.ac.uk/en/development/alumni/index.html]
[www.aber.ac.uk/en/development/alumniprofiles/internationalalumni/index.html]
[www.aber.ac.uk/en/development/support/give/index.html]
[www.aber.ac.uk/en/ccc/image-menu/Uni-and-Coleg-Cymraeg-Tile.jpg]
[www.aber.ac.uk/en/ccc/index730d.html]
[www.aber.ac.uk/en/development/about/index.html]
[www.aber.ac.uk/en/development/osa/index.html]
[www.aber.ac.uk/en/development/staff-profiles/index.html]
[www.aber.ac.uk/en/staff/column1/your-sites.jpg]
[www.aber.ac.uk/en/development/virtual/index.html]
[www.aber.ac.uk/en/development/150th/index.html]
[www.aber.ac.uk/en/development/index.html]
[www.aber.ac.uk/en/staff/column1/Your-development-page.jpg]
[www.aber.ac.uk/en/development/alumni/prom/index.html]
[www.aber.ac.uk/en/staff/column1/RESEARCH-BY-DEPARTMENT-IBERS.jpg]
[www.aber.ac.uk/en/development/alumni/obituaries/index.html]
[www.aber.ac.uk/en/staff/column1/resources.jpg]
[www.aber.ac.uk/en/staff/column2/DSC_3171.jpg]
[www.aber.ac.uk/en/development/support/fundraising-priorities/index.html]
[www.aber.ac.uk/en/staff/column2/Support-and-Advice-page.jpg]
[www.aber.ac.uk/en/development/support/giving-circle/index.html]
[www.aber.ac.uk/en/development/support/thank-you/index.html]
[www.aber.ac.uk/en/staff/column2/Health-and-Wellbeing.jpg]
[www.aber.ac.uk/en/development/support/legacy/index.html]
[www.aber.ac.uk/en/development/about/fundraising-promise/index.html]
[www.aber.ac.uk/img/social-media/youtube43.png]
[www.aber.ac.uk/en/development/support/university-philanthropy-history/index.html]
[www.aber.ac.uk/en/visitors/index.html]
[www.aber.ac.uk/en/music/index.html]
[www.aber.ac.uk/en/sportscentre/index.html]
[www.aber.ac.uk/en/staff/index730d.html]
[www.aber.ac.uk/en/discover-aberystwyth/travel/index.html]
[www.aber.ac.uk/en/discover-aberystwyth/maps/index.html]
[www.aber.ac.uk/en/maps-travel/index730d.html]
[www.aber.ac.uk/en/visitors/covid19/index.html]
[www.aber.ac.uk/en/visitors/facilities/index.html]
[www.aber.ac.uk/en/hr/jobs/index730d.html]
[www.aber.ac.uk/en/visitors/stay-aber/index.html]
[www.aber.ac.uk/en/visitors/school-educational-visits/index.html]
[www.aber.ac.uk/en/visitors/croeso-aber/index.html]
[www.aber.ac.uk/en/visitors/facilities/conferenceenquiryform/index.html]
[www.aber.ac.uk/css/images/staff-dir-icon.png]
[www.aber.ac.uk/en/visitors/bunkhouse/index.html]
[www.aber.ac.uk/en/visitors/graduation-accommodation/index.html]
[www.aber.ac.uk/en/visitors/destination-aber/index.html]
[www.aber.ac.uk/feedback-test-resources/feedback-v2.js]
[www.aber.ac.uk/en/contact-us/index730d.html]
[www.aber.ac.uk/en/visitors/contact-us/index.html]
[www.aber.ac.uk/en/visitors/summer-breaks/index.html]
[www.aber.ac.uk/en/visitors/general-information/index.html]
[www.aber.ac.uk/en/visitors/terms-conditions/index.html]
[aber-search.clients.uk.funnelback.com/stencils/resources/he/v15.12/css/he.css]
[www.aber.ac.uk/en/discover-aberystwyth/life-on-campus/arts-culture/index.html]
[www.aber.ac.uk/en/discover-aberystwyth/life-on-campus/student-services-learning-facilities/index.html]
[www.aber.ac.uk/en/discover-aberystwyth/life-on-campus/sports-facilities/index.html]
[aber-search.clients.uk.funnelback.com/stencils/resources/thirdparty/bootstrap/v4.0.0/css/bootstrap.min.css]
[aber-search.clients.uk.funnelback.com/s/resources/aber_sp-he-solution/search/css/customer.css]
[aber-search.clients.uk.funnelback.com/s/resources/aber_sp-he-solution/search/css/customer-typeahead.css]
[www.aber.ac.uk/en/discover-aberystwyth/life-on-campus/grounds/index.html]
[www.aber.ac.uk/en/discover-aberystwyth/life-on-campus/food-drink/index.html]
[www.aber.ac.uk/en/discover-aberystwyth/life-on-campus/academic-buildings/index.html]
[www.aber.ac.uk/en/music/play-sing/index.html]
[www.aber.ac.uk/css2/search/font-awesome.min.css]
[www.aber.ac.uk/en/music/play-sing/instrumental/index.html]
[www.aber.ac.uk/en/music/play-sing/alternatives/index.html]
[www.aber.ac.uk/en/music/play-sing/vocal/index.html]
[www.aber.ac.uk/en/music/bursaries/index.html]
[www.aber.ac.uk/en/music/about/index.html]
[www.aber.ac.uk/en/music/events/index.html]
[www.aber.ac.uk/en/music/gallery/index.html]
[www.aber.ac.uk/en/music/staff/index.html]
[www.aber.ac.uk/en/music/music-at-aber-form/index.html]
[www.aber.ac.uk/en/music/music-aboutus/index.html]
[www.aber.ac.uk/en/music/music-get-involved/index.html]
[www.aber.ac.uk/en/music/music-library/index.html]
[www.aber.ac.uk/en/sportscentre/fitness-classes/index.html]
[www.aber.ac.uk/en/sportscentre/facilities/pool-sauna/index.html]
[aber-search.clients.uk.funnelback.com/stencils/resources/thirdparty/jquery/v3.2.1/jquery-3.2.1.min.js]
[www.aber.ac.uk/en/sportscentre/facilities/index.html]
[www.aber.ac.uk/en/sportscentre/times-contact/index.html]
[aber-search.clients.uk.funnelback.com/stencils/resources/thirdparty/popper/v1.12.3/umd/popper.min.js]
[aber-search.clients.uk.funnelback.com/stencils/resources/thirdparty/bootstrap/v4.0.0/js/bootstrap.min.js]
[www.aber.ac.uk/en/art/index.html]
[aber-search.clients.uk.funnelback.com/stencils/resources/base/v15.8/js/base.js]
[www.aber.ac.uk/en/english/index.html]
[www.aber.ac.uk/en/education/index.html]
[www.aber.ac.uk/en/dges/index.html]
[aber-search.clients.uk.funnelback.com/s/resources-global/thirdparty/typeahead-0.11.1/typeahead.bundle.min.js]
[www.aber.ac.uk/en/hec/index.html]
[www.aber.ac.uk/en/dis/index.html]
[aber-search.clients.uk.funnelback.com/s/resources/aber_sp-he-solution/_default/js/typeahead.fb-2.6.js]
[www.aber.ac.uk/en/history/index.html]
[www.aber.ac.uk/en/ibers/index.html]
[www.aber.ac.uk/en/interpol/index.html]
[aber-search.clients.uk.funnelback.com/s/resources-global/thirdparty/handlebars-4.0.5/handlebars.min.js]
[www.aber.ac.uk/en/maths/index.html]
[www.aber.ac.uk/en/modernlangs/index.html]
[www.aber.ac.uk/en/life-sciences/index.html]
[aber-search.clients.uk.funnelback.com/stencils/resources/autocompletion/js/handlebars.min-v4.0.5.js]
[aber-search.clients.uk.funnelback.com/s/resources-global/js/funnelback.autocompletion-2.6.0.js]
[www.aber.ac.uk/en/phys/index.html]
[www.aber.ac.uk/en/psychology/index.html]
[www.aber.ac.uk/en/vet-sci/index.html]
[aber-search.clients.uk.funnelback.com/s/resources-global/thirdparty/angular-1.0.7/angular.min.js]
[aber-search.clients.uk.funnelback.com/s/resources-global/thirdparty/angular-1.0.7/angular-resource.min.js]
[www.aber.ac.uk/en/academic-registry/index.html]
[aber-search.clients.uk.funnelback.com/s/resources-global/js/funnelback-session.js]
[www.aber.ac.uk/en/search/index.html]
[www.aber.ac.uk/en/cymraeg/index.html]
[www.aber.ac.uk/en/studentservices/careers/index.html]
[www.aber.ac.uk/en/study-with-us/open-days/index.html]
[www.aber.ac.uk/en/cgg/index.html]
[www.aber.ac.uk/en/hospitality/index.html]
[www.aber.ac.uk/en/study-with-us/subjects/index.html]
[www.aber.ac.uk/en/efr/index.html]
[www.aber.ac.uk/en/finance/index.html]
[www.aber.ac.uk/en/gmsr/index.html]
[www.aber.ac.uk/en/study-with-us/pg-studies/index.html]
[www.aber.ac.uk/en/gmsr/staff-profiles/listing/group/digital-and-print-publications/index.html]
[www.aber.ac.uk/en/gmsr/staff-profiles/listing/group/events/index.html]
[www.aber.ac.uk/en/gmsr/staff-profiles/listing/group/global-opportunities/index.html]
[www.aber.ac.uk/en/gmsr/staff-profiles/listing/group/international-recruitment-and-development/index.html]
[www.aber.ac.uk/en/gmsr/staff-profiles/listing/group/marketing-campaigns/index.html]
[www.aber.ac.uk/en/study-with-us/pg-studies/study-options/teacher-training/PGCE-2.jpg]
[www.aber.ac.uk/en/about-us/corporate-information/governance/index.html]
[www.aber.ac.uk/en/gmsr/staff-profiles/listing/group/marketing-conversion/index.html]
[www.aber.ac.uk/en/gmsr/staff-profiles/listing/group/student-recruitment-and-widening-participation/index.html]
[www.aber.ac.uk/en/study-with-us/pg-studies/study-options/teacher-training/image-menu/Courses.jpg]
[www.aber.ac.uk/en/hse/index.html]
[www.aber.ac.uk/en/graduation/index.html]
[www.aber.ac.uk/en/study-with-us/pg-studies/study-options/teacher-training/image-menu/Why-train-with-us.jpg]
[www.aber.ac.uk/en/about-us/corporate-information/information-governance/index.html]
[www.aber.ac.uk/en/hr/index.html]
[www.aber.ac.uk/en/grad-school/index.html]
[www.aber.ac.uk/en/is/index.html]
[www.aber.ac.uk/en/study-with-us/pg-studies/study-options/teacher-training/image-menu/How-to-Apply.jpg]
[www.aber.ac.uk/en/lteu/index.html]
[www.aber.ac.uk/en/study-with-us/pg-studies/study-options/teacher-training/image-menu/Meet-the-partners.jpg]
[www.aber.ac.uk/en/study-with-us/pg-studies/study-options/teacher-training/index.html]
[www.aber.ac.uk/en/timetable/index.html]
[www.aber.ac.uk/en/pag/index.html]
[www.aber.ac.uk/en/vc-office/index.html]
[www.aber.ac.uk/en/is/library-services/index.html]
[www.aber.ac.uk/en/about-us/departments-faculties/faculties/arts-social-sciences/index.html]
[www.aber.ac.uk/en/about-us/research/Research-why-aber.jpg]
[www.aber.ac.uk/en/about-us/departments-faculties/faculties/business-physical-sciences/index.html]
[www.aber.ac.uk/en/about-us/departments-faculties/faculties/index.html]
[www.aber.ac.uk/en/about-us/departments-faculties/faculties/earth-life-sciences/index.html]
[www.aber.ac.uk/en/ccc/our-work/index.html]
[www.aber.ac.uk/en/media/departmental/whyaber/space-robotics.jpg]
[www.aber.ac.uk/en/ccc/welsh-medium-provision/index.html]
[www.aber.ac.uk/en/ccc/university-coleg-cymraeg/index.html]
[www.aber.ac.uk/en/media/departmental/whyaber/prosoil2.jpg]
[www.aber.ac.uk/en/media/departmental/whyaber/hazel.jpg]
[www.aber.ac.uk/en/gmsr/brand/index.html]
[www.aber.ac.uk/en/media/departmental/whyaber/glasser.jpg]
[www.aber.ac.uk/en/staff/useful-links/index.html]
[www.aber.ac.uk/en/discover-aberystwyth/maps/index730d.html]
[www.aber.ac.uk/en/media/departmental/whyaber/colin.jpg]
[www.aber.ac.uk/en/about-us/research/image-menu/Research-Excellence.jpg]
[www.aber.ac.uk/en/studentservices/contact-us/contact-details/index.html]
[www.aber.ac.uk/en/about-us/research/image-menu/Research,-Businesss,-Innovation-tile.jpg]
[www.aber.ac.uk/en/about-us/research/index.html]
[www.aber.ac.uk/en/site-map/index.html]
[www.aber.ac.uk/en/terms-and-conditions/index.html]
[www.aber.ac.uk/en/cookie-policy/index.html]
[www.aber.ac.uk/en/study-with-us/index.html]
[www.aber.ac.uk/en/study-with-us/prospectus/index.html]
[www.aber.ac.uk/en/feedback/index.html]
[www.aber.ac.uk/en/undergrad/hub/index.html]
[www.aber.ac.uk/en/search/indexbc21.html]
[www.aber.ac.uk/en/contact-us/directory/index.html]
[www.aber.ac.uk/en/search/index8a60.html]
[www.aber.ac.uk/en/study-with-us/chat-students/LP101822_63344.jpg]
[www.aber.ac.uk/en/search/index1392.html]
[www.aber.ac.uk/en/search/index9c06.html]
[www.aber.ac.uk/en/study-with-us/chat-students/index.html]
[cdn.unibuddy.co/unibuddy-iframe.js]
[www.aber.ac.uk/en/search/index59c1.html]
[www.aber.ac.uk/en/study-with-us/international/index.html]
[www.aber.ac.uk/en/search/index864a.html]
[www.aber.ac.uk/en/search/index397b.html]
[www.aber.ac.uk/en/search/index3ad1.html]
[www.aber.ac.uk/en/about-us/150-anniversary/150-events/events.jpg]
[www.aber.ac.uk/en/about-us/150-anniversary/150-events/index.html]
[www.aber.ac.uk/en/search/indexe68d.html]
[www.aber.ac.uk/en/search/indexcefa.html]
[www.aber.ac.uk/en/search/index1ae3.html]
[www.aber.ac.uk/en/study-with-us/foundation-year/Foundation-year-on-the-web.jpg]
[www.aber.ac.uk/en/study-with-us/foundation-year/index.html]
[www.aber.ac.uk/en/search/index92d9.html]
[www.aber.ac.uk/en/search/indexf213.html]
[www.aber.ac.uk/en/search/indexd28d.html]
[www.aber.ac.uk/en/study-with-us/pg-studies/study-options/taught-programmes/Taught-Courses.jpg]
[www.aber.ac.uk/en/study-with-us/pg-studies/study-options/taught-programmes/index.html]
[www.aber.ac.uk/en/search/indexf2b7.html]
[www.aber.ac.uk/en/search/index42ad.html]
[www.aber.ac.uk/en/search/index77e9.html]
[www.aber.ac.uk/en/study-with-us/pg-studies/study-options/research-programmes/Research-Courses.jpg]
[www.aber.ac.uk/en/study-with-us/pg-studies/study-options/research-programmes/index.html]
[www.aber.ac.uk/en/search/indexa8fe.html]
[www.aber.ac.uk/en/search/index7595.html]
[www.aber.ac.uk/en/study-with-us/mba/index.html]
[www.aber.ac.uk/en/search/indexcc8b.html]
[www.aber.ac.uk/en/search/indexdc41.html]
[www.aber.ac.uk/en/study-with-us/online-distance/index.html]
[www.aber.ac.uk/en/search/indexe8d0.html]
[www.aber.ac.uk/en/search/indexc82d.html]
[www.aber.ac.uk/en/study-with-us/continuing-professional/index.html]
[www.aber.ac.uk/en/search/index5320.html]
[www.aber.ac.uk/en/search/index8a39.html]
[www.aber.ac.uk/en/search/index2f8a.html]
[www.aber.ac.uk/en/study-with-us/lifelong-learning/Lifelong.jpg]
[www.aber.ac.uk/en/search/indexe45c.html]
[www.aber.ac.uk/en/study-with-us/lifelong-learning/image-menu/lll.jpg]
[www.aber.ac.uk/en/study-with-us/lifelong-learning/index.html]
[www.aber.ac.uk/en/search/indexf7b4.html]
[www.aber.ac.uk/en/learn-welsh/index.html]
